Archive member included because of file (symbol)

C:\CodeSourcery\Sourcery G++ Lite/arm-none-eabi/lib\libc.a(lib_a-atoi.o)
                              uart.o (atoi)
C:\CodeSourcery\Sourcery G++ Lite/arm-none-eabi/lib\libc.a(lib_a-ctype_.o)
                              uart.o (__ctype_ptr__)
C:\CodeSourcery\Sourcery G++ Lite/arm-none-eabi/lib\libc.a(lib_a-strlen.o)
                              uart.o (strlen)
C:\CodeSourcery\Sourcery G++ Lite/arm-none-eabi/lib\libc.a(lib_a-strtol.o)
                              C:\CodeSourcery\Sourcery G++ Lite/arm-none-eabi/lib\libc.a(lib_a-atoi.o) (_strtol_r)
C:\CodeSourcery\Sourcery G++ Lite/arm-none-eabi/lib\libc.a(lib_a-vsprintf.o)
                              graphics.o (vsprintf)
C:\CodeSourcery\Sourcery G++ Lite/arm-none-eabi/lib\libc.a(lib_a-impure.o)
                              C:\CodeSourcery\Sourcery G++ Lite/arm-none-eabi/lib\libc.a(lib_a-strtol.o) (_impure_ptr)
C:\CodeSourcery\Sourcery G++ Lite/arm-none-eabi/lib\libc.a(lib_a-svfprintf.o)
                              C:\CodeSourcery\Sourcery G++ Lite/arm-none-eabi/lib\libc.a(lib_a-vsprintf.o) (_svfprintf_r)
C:\CodeSourcery\Sourcery G++ Lite/arm-none-eabi/lib\libc.a(lib_a-dtoa.o)
                              C:\CodeSourcery\Sourcery G++ Lite/arm-none-eabi/lib\libc.a(lib_a-svfprintf.o) (_dtoa_r)
C:\CodeSourcery\Sourcery G++ Lite/arm-none-eabi/lib\libc.a(lib_a-locale.o)
                              C:\CodeSourcery\Sourcery G++ Lite/arm-none-eabi/lib\libc.a(lib_a-svfprintf.o) (_localeconv_r)
C:\CodeSourcery\Sourcery G++ Lite/arm-none-eabi/lib\libc.a(lib_a-mallocr.o)
                              C:\CodeSourcery\Sourcery G++ Lite/arm-none-eabi/lib\libc.a(lib_a-svfprintf.o) (_malloc_r)
C:\CodeSourcery\Sourcery G++ Lite/arm-none-eabi/lib\libc.a(lib_a-memchr-stub.o)
                              C:\CodeSourcery\Sourcery G++ Lite/arm-none-eabi/lib\libc.a(lib_a-svfprintf.o) (memchr)
C:\CodeSourcery\Sourcery G++ Lite/arm-none-eabi/lib\libc.a(lib_a-memcpy-stub.o)
                              C:\CodeSourcery\Sourcery G++ Lite/arm-none-eabi/lib\libc.a(lib_a-dtoa.o) (memcpy)
C:\CodeSourcery\Sourcery G++ Lite/arm-none-eabi/lib\libc.a(lib_a-mlock.o)
                              C:\CodeSourcery\Sourcery G++ Lite/arm-none-eabi/lib\libc.a(lib_a-mallocr.o) (__malloc_lock)
C:\CodeSourcery\Sourcery G++ Lite/arm-none-eabi/lib\libc.a(lib_a-mprec.o)
                              C:\CodeSourcery\Sourcery G++ Lite/arm-none-eabi/lib\libc.a(lib_a-dtoa.o) (_Balloc)
C:\CodeSourcery\Sourcery G++ Lite/arm-none-eabi/lib\libc.a(lib_a-s_fpclassify.o)
                              C:\CodeSourcery\Sourcery G++ Lite/arm-none-eabi/lib\libc.a(lib_a-svfprintf.o) (__fpclassifyd)
C:\CodeSourcery\Sourcery G++ Lite/arm-none-eabi/lib\libc.a(lib_a-sbrkr.o)
                              C:\CodeSourcery\Sourcery G++ Lite/arm-none-eabi/lib\libc.a(lib_a-mallocr.o) (_sbrk_r)
C:\CodeSourcery\Sourcery G++ Lite/arm-none-eabi/lib\libc.a(lib_a-strcmp.o)
                              C:\CodeSourcery\Sourcery G++ Lite/arm-none-eabi/lib\libc.a(lib_a-locale.o) (strcmp)
C:\CodeSourcery\Sourcery G++ Lite/arm-none-eabi/lib\libc.a(lib_a-svfiprintf.o)
                              C:\CodeSourcery\Sourcery G++ Lite/arm-none-eabi/lib\libc.a(lib_a-svfprintf.o) (__ssprint_r)
C:\CodeSourcery\Sourcery G++ Lite/arm-none-eabi/lib\libc.a(lib_a-callocr.o)
                              C:\CodeSourcery\Sourcery G++ Lite/arm-none-eabi/lib\libc.a(lib_a-mprec.o) (_calloc_r)
C:\CodeSourcery\Sourcery G++ Lite/arm-none-eabi/lib\libc.a(lib_a-freer.o)
                              C:\CodeSourcery\Sourcery G++ Lite/arm-none-eabi/lib\libc.a(lib_a-mallocr.o) (_free_r)
C:\CodeSourcery\Sourcery G++ Lite/arm-none-eabi/lib\libc.a(lib_a-memmove.o)
                              C:\CodeSourcery\Sourcery G++ Lite/arm-none-eabi/lib\libc.a(lib_a-svfiprintf.o) (memmove)
C:\CodeSourcery\Sourcery G++ Lite/arm-none-eabi/lib\libc.a(lib_a-memset.o)
                              C:\CodeSourcery\Sourcery G++ Lite/arm-none-eabi/lib\libc.a(lib_a-callocr.o) (memset)
C:\CodeSourcery\Sourcery G++ Lite/arm-none-eabi/lib\libc.a(lib_a-reallocr.o)
                              C:\CodeSourcery\Sourcery G++ Lite/arm-none-eabi/lib\libc.a(lib_a-svfiprintf.o) (_realloc_r)
C:\CodeSourcery\Sourcery G++ Lite/arm-none-eabi/lib\libc.a(lib_a-reent.o)
                              C:\CodeSourcery\Sourcery G++ Lite/arm-none-eabi/lib\libc.a(lib_a-sbrkr.o) (errno)
C:\CodeSourcery\Sourcery G++ Lite/lib/gcc/arm-none-eabi/4.8.1\libgcc.a(_udivsi3.o)
                              C:\CodeSourcery\Sourcery G++ Lite/arm-none-eabi/lib\libc.a(lib_a-strtol.o) (__aeabi_uidiv)
C:\CodeSourcery\Sourcery G++ Lite/lib/gcc/arm-none-eabi/4.8.1\libgcc.a(_dvmd_tls.o)
                              C:\CodeSourcery\Sourcery G++ Lite/lib/gcc/arm-none-eabi/4.8.1\libgcc.a(_udivsi3.o) (__aeabi_idiv0)
C:\CodeSourcery\Sourcery G++ Lite/lib/gcc/arm-none-eabi/4.8.1\libgcc.a(_arm_addsubdf3.o)
[...]
Memory Configuration

Name             Origin             Length             Attributes
RAM              0x40000000         0x03800000         xrw
*default*        0x00000000         0xffffffff

Linker script and memory map

LOAD Exception.o
LOAD app_controller.o
LOAD app_service.o
LOAD cp15.o
LOAD gic.o
LOAD graphics.o
LOAD key.o
LOAD led.o
LOAD main.o
LOAD runtime.o
LOAD sdhc.o
LOAD test.o
LOAD timer.o
LOAD uart.o
LOAD asm_function.o
LOAD cp15a.o
LOAD crt0.o
LOAD C:\CodeSourcery\Sourcery G++ Lite/arm-none-eabi/lib\libc.a
LOAD C:\CodeSourcery\Sourcery G++ Lite/lib/gcc/arm-none-eabi/4.8.1\libgcc.a

.text           0x40000000     0xe628
 crt0.o(.text)
 .text          0x40000000      0x194 crt0.o
                0x40000000                __start
 *(.text)
 .text          0x40000194      0x3d0 Exception.o
                0x40000194                Invalid_ISR
                0x400001c0                SDHC_ISR
                0x400002b8                Uart1_ISR
                0x40000314                Key3_ISR
                0x40000364                Key4_ISR
                0x400003b4                Undef_Handler
                0x400003ec                Dabort_Handler
                0x40000460                Pabort_Handler
                0x400004c0                SVC_Handler
                0x40000500                Timer0_ISR
 .text          0x40000564       0x28 app_controller.o
                0x40000564                InitApp
 .text          0x4000058c       0xc8 app_service.o
                0x4000058c                initApp
                0x400005b8                setApp
                0x40000634                getCurAppNum
                0x40000644                setCurAppNum
 .text          0x40000654     0x1844 cp15.o
                0x40000e98                CoGetPAfromVA
                0x40000f18                L2C_Invalidate_VA
                0x40000fa0                L2C_Clean_VA
                0x40001028                L2C_CleanAndInvalidate_VA
                0x400010b0                L2C_Enable
                0x4000110c                L2C_Disable
                0x40001138                L2C_Invalidate_All
                0x40001168                L2C_Invalidate_PA
                0x40001184                L2C_Invalidate_Way
                0x400011b8                L2C_Clean_All
                0x400011e8                L2C_Clean_PA
                0x40001204                L2C_Clean_SetWay
                0x40001224                L2C_Clean_Way
                0x40001258                L2C_CleanAndInvalidate_All
                0x40001288                L2C_CleanAndInvalidate_PA
                0x400012a4                L2C_CleanAndInvalidate_SetWay
                0x400012c4                L2C_CleanAndInvalidate_Way
                0x400012f8                SetTransTable
                0x4000133c                CoStopMmuAndL1L2Cache
                0x400013e4                CoStartMmuAndDCache
                0x40001cc0                CoInitMmuAndL1L2Cache
                0x40001da0                CoStartMmuAndL1L2Cache
 .text          0x40001e98      0x280 gic.o
                0x40001e98                GIC_Distributor_Enable
                0x40001eb0                GIC_CPU_Interface_Enable
                0x40001ec4                GIC_Set_Priority_Mask
                0x40001edc                GIC_Interrupt_Enable
                0x40001f28                GIC_Interrupt_Disable
                0x40001f74                GIC_Set_Interrupt_Priority
                0x40001ff8                GIC_Set_Processor_Target
                0x40002084                GIC_Clear_Pending_Clear
                0x400020cc                GIC_Read_INTACK
                0x400020e8                GIC_Write_EOI
                0x40002100                GIC_Generate_SGI
 .text          0x40002118     0x1c34 graphics.o
                0x400028dc                udelay_f
                0x400028e0                LCD_Clock_Init
                0x40002948                Lcd_Init
                0x40002b10                Lcd_Win_Init
                0x40002c8c                Lcd_Put_Pixel
                0x40002cbc                Lcd_Get_Pixel
                0x40002ce4                Lcd_Get_Pixel_Address
                0x40002d08                Lcd_Clr_Screen
                0x40002d90                Lcd_Draw_Back_Color
                0x40002e18                Lcd_Get_Info_BMP
                0x40002e2c                Lcd_Draw_BMP
                0x40002ed0                Lcd_Draw_Image
                0x40002f5c                Lcd_Select_Draw_Frame_Buffer
                0x40002f84                Lcd_Select_Display_Frame_Buffer
                0x40002fb8                absf
                0x40002fd4                Lcd_Brightness_Control
                0x40002ff8                Lcd_Draw_BMP_File_24bpp
                0x4000313c                Lcd_Han_Putch
                0x40003504                Lcd_Eng_Putch
                0x40003678                Lcd_Puts
                0x40003894                Lcd_Draw_Bar
                0x40003914                Lcd_Draw_Line
                0x40003ac8                Lcd_Printf
                0x40003d00                Lcd_Draw_STACK
 .text          0x40003d4c      0x134 key.o
                0x40003d4c                Key_Poll_Init
                0x40003d60                Key_Get_Key_Pressed
                0x40003d74                Key_Wait_Key_Released
                0x40003d8c                Key_Wait_Key_Pressed
                0x40003da8                Key_ISR_Init
                0x40003dd8                Key_ISR_Enable
 .text          0x40003e80       0x40 led.o
                0x40003e80                LED_Init
                0x40003ea4                LED_Display
 .text          0x40003ec0      0x168 main.o
                0x40003ec0                App_Read
                0x40003f0c                Main
 .text          0x40004028       0xb4 runtime.o
                0x40004028                _sbrk
                0x40004074                Get_Stack_Base
                0x4000407c                Get_Stack_Limit
                0x40004088                Get_Heap_Base
                0x40004098                Get_Heap_Limit
                0x400040a4                Delay
 .text          0x400040dc      0xcc0 sdhc.o
                0x400040dc                SDHC_Init
                0x40004184                SDHC_Card_Init
                0x40004494                SDHC_Port_Init
                0x400044d4                SDHC_Clock_Supply
                0x40004518                SDHC_Clock_Stop
                0x40004530                SDHC_CMD0
                0x40004590                SDHC_CMD8
                0x400045f8                SDHC_CMD55
                0x40004658                SDHC_ACMD41
                0x40004714                SDHC_CMD2
                0x4000477c                SDHC_CMD3
                0x400047e8                SDHC_CMD7
                0x40004870                SDHC_ACMD6_4bit
                0x40004930                SDHC_ISR_Enable
                0x40004a10                SDHC_BusPower_Control
                0x40004a9c                SDHC_Change_Dat_Width_4bit
                0x40004b68                SD_Read_Sector
                0x40004c78                SD_Write_Sector
 .text          0x40004d9c       0x5c test.o
                0x40004d9c                checkRegister
 .text          0x40004df8      0x13c timer.o
                0x40004df8                Timer0_Delay
                0x40004e7c                Timer0_Int_Delay
 *fill*         0x40004f34        0x4 
 .text          0x40004f38      0x630 uart.o
                0x40004f38                Uart1_Init
                0x40005008                Uart1_Send_Byte
                0x4000505c                Uart1_Send_String
                0x400050c8                Uart1_Printf
                0x40005160                Uart1_Get_Char
                0x40005188                Uart1_Get_Pressed
                0x400051a4                Uart1_ISR_Enable
                0x40005270                Uart1_GetString
                0x40005368                Uart1_GetIntNum
 .text          0x40005568      0x178 asm_function.o
                0x40005568                Init_App
                0x400055d8                Run_App0
                0x400055f4                Backup_Context
                0x4000563c                Load_Context
                0x4000566c                Get_User_SP
                0x40005680                Get_User_Stack_Base
                0x40005688                Get_User_Stack_Limit
                0x40005690                PABT_Falut_Status
                0x40005698                PABT_Falut_Address
                0x400056a0                DABT_Falut_Status
                0x400056a8                DABT_Falut_Address
                0x400056b0                Get_SP
                0x400056b8                Main_ID
                0x400056c0                TLB_Type
 .text          0x400056e0      0x53c cp15a.o
                0x400056e0                exynos_smc
                0x400056f0                CoGetOSReadPA
                0x40005700                CoGetOSWritePA
                0x40005710                CoGetUserReadPA
                0x40005720                CoGetUserWritePA
                0x40005730                CoEnableL2PrefetchHint
                0x40005740                CoDisableL2PrefetchHint
                0x40005750                CoEnableICache
                0x4000576c                CoDisableICache
                0x40005788                CoEnableDCache
                0x40005798                CoDisableDCache
                0x400057a8                CoReadCTR
                0x400057b0                CoReadCLIDR
                0x400057b8                CoReadCCSIDR
                0x400057c0                CoReadCSSELR
                0x400057c8                CoEnableIrq
                0x400057d8                CoDisableIrq
                0x400057e8                CoEnableFiq
                0x400057f8                CoDisableFiq
                0x40005808                CoSetIF
                0x4000581c                CoWrIF
                0x40005824                CoClrIF
                0x40005834                CoEnableVectoredInt
                0x40005844                CoDisableVectoredInt
                0x40005854                CoEnableUnalignedAccess
                0x40005864                CoDisableUnalignedAccess
                0x40005874                CoEnableAlignFault
                0x40005884                CoDisableAlignFault
                0x40005894                CoEnableMmu
                0x400058a4                CoDisableMmu
                0x400058b4                CoSetFastBusMode
                0x400058c4                CoSetAsyncBusMode
                0x400058d4                CoEnableBranchPrediction
                0x400058e4                CoDisableBranchPrediction
                0x400058f4                CoEnableVfp
                0x40005904                CoEnableNeon
                0x40005914                CoSetTTBase
                0x4000591c                CoSelTTBReg0
                0x40005928                CoSetASID
                0x40005930                CoSetDomain
                0x40005938                CoWaitForInterrupt
                0x40005944                CoInvalidateICache
                0x40005954                CoInvalidateDCache
                0x40005964                CoInvalidateDCacheVA
                0x40005970                CoInvalidateDCacheIndex
                0x4000597c                CoInvalidateBothCaches
                0x4000598c                CoCleanDCacheVA
                0x40005998                CoCleanDCacheIndex
                0x400059a4                CoDataSyncBarrier
                0x400059ac                CoPrefetchICacheLineVA
                0x400059b4                CoCleanAndInvalidateDCacheVA
                0x400059c0                CoCleanAndInvalidateDCacheIndex
                0x400059cc                CoInvalidateITlb
                0x400059d8                CoInvalidateITlbVA
                0x400059e0                CoInvalidateITlbASID
                0x400059e8                CoInvalidateDTlb
                0x400059f4                CoInvalidateDTlbVA
                0x400059fc                CoInvalidateDTlbASID
                0x40005a04                CoInvalidateMainTlb
                0x40005a10                CoInvalidateMainTlbVA
                0x40005a18                CoInvalidateMainTlbASID
                0x40005a24                CoSetDCacheLockdownBase
                0x40005a2c                CoSetICacheLockdownBase
                0x40005a34                CoLockL2Cache
                0x40005a44                CoUnLockL2Cache
                0x40005a54                CoSetL2CacheAuxCrtlReg
                0x40005a5c                CoSetDTlbLockdown
                0x40005a64                CoSetITlbLockdown
                0x40005a6c                CoSetL2CacheLines
                0x40005a78                CoCopyToL2Cache
                0x40005acc                CoCopyFromL2Cache
                0x40005b18                CoStopPLE
                0x40005b24                CoNonSecureAccCtrl
                0x40005b38                CoGetCacheSizeID
                0x40005b44                CoGetPAreg
                0x40005b50                CoGetNormalMemRemapReg
                0x40005b5c                CoInvalidateDCacheForV7
                0x40005bec                CoSetExceptonVectoerBase
                0x40005bf4                CoSetProcessId
                0x40005bfc                CoSetMpll
 .text          0x40005c1c       0x30 C:\CodeSourcery\Sourcery G++ Lite/arm-none-eabi/lib\libc.a(lib_a-atoi.o)
                0x40005c1c                atoi
                0x40005c34                _atoi_r
 .text          0x40005c4c        0x0 C:\CodeSourcery\Sourcery G++ Lite/arm-none-eabi/lib\libc.a(lib_a-ctype_.o)
 .text          0x40005c4c       0x60 C:\CodeSourcery\Sourcery G++ Lite/arm-none-eabi/lib\libc.a(lib_a-strlen.o)
                0x40005c4c                strlen
 .text          0x40005cac      0x1f8 C:\CodeSourcery\Sourcery G++ Lite/arm-none-eabi/lib\libc.a(lib_a-strtol.o)
                0x40005cac                _strtol_r
                0x40005e7c                strtol
 .text          0x40005ea4       0x78 C:\CodeSourcery\Sourcery G++ Lite/arm-none-eabi/lib\libc.a(lib_a-vsprintf.o)
                0x40005ea4                _vsprintf_r
                0x40005ef4                vsprintf
 .text          0x40005f1c        0x0 C:\CodeSourcery\Sourcery G++ Lite/arm-none-eabi/lib\libc.a(lib_a-impure.o)
 .text          0x40005f1c     0x1f0c C:\CodeSourcery\Sourcery G++ Lite/arm-none-eabi/lib\libc.a(lib_a-svfprintf.o)
                0x40005f1c                _svfprintf_r
 .text          0x40007e28     0x18d8 C:\CodeSourcery\Sourcery G++ Lite/arm-none-eabi/lib\libc.a(lib_a-dtoa.o)
                0x40008008                _dtoa_r
 .text          0x40009700       0xd0 C:\CodeSourcery\Sourcery G++ Lite/arm-none-eabi/lib\libc.a(lib_a-locale.o)
                0x40009700                _setlocale_r
                0x40009770                __locale_charset
                0x4000977c                __locale_mb_cur_max
                0x4000978c                __locale_msgcharset
                0x40009798                __locale_cjk_lang
                0x400097a0                _localeconv_r
                0x400097ac                setlocale
                0x400097c4                localeconv
 .text          0x400097d0      0x72c C:\CodeSourcery\Sourcery G++ Lite/arm-none-eabi/lib\libc.a(lib_a-mallocr.o)
                0x400097d0                _malloc_r
 .text          0x40009efc      0x114 C:\CodeSourcery\Sourcery G++ Lite/arm-none-eabi/lib\libc.a(lib_a-memchr-stub.o)
                0x40009efc                memchr
 .text          0x4000a010       0xf0 C:\CodeSourcery\Sourcery G++ Lite/arm-none-eabi/lib\libc.a(lib_a-memcpy-stub.o)
                0x4000a010                memcpy
 .text          0x4000a100        0x8 C:\CodeSourcery\Sourcery G++ Lite/arm-none-eabi/lib\libc.a(lib_a-mlock.o)
                0x4000a100                __malloc_lock
                0x4000a104                __malloc_unlock
 .text          0x4000a108      0xd2c C:\CodeSourcery\Sourcery G++ Lite/arm-none-eabi/lib\libc.a(lib_a-mprec.o)
                0x4000a108                _Balloc
                0x4000a194                _Bfree
                0x4000a1b0                __multadd
                0x4000a28c                __s2b
                0x4000a374                __hi0bits
                0x4000a3d0                __lo0bits
                0x4000a464                __i2b
                0x4000a488                __multiply
                0x4000a670                __pow5mult
                0x4000a774                __lshift
                0x4000a880                __mcmp
                0x4000a8e0                __mdiff
                0x4000aa24                __ulp
                0x4000aa88                __b2d
                0x4000ab5c                __d2b
                0x4000ac68                __ratio
                0x4000acf0                _mprec_log10
                0x4000ad48                __copybits
                0x4000adb8                __any_on
 .text          0x4000ae34       0x6c C:\CodeSourcery\Sourcery G++ Lite/arm-none-eabi/lib\libc.a(lib_a-s_fpclassify.o)
                0x4000ae34                __fpclassifyd
 .text          0x4000aea0       0x44 C:\CodeSourcery\Sourcery G++ Lite/arm-none-eabi/lib\libc.a(lib_a-sbrkr.o)
                0x4000aea0                _sbrk_r
 .text          0x4000aee4      0x230 C:\CodeSourcery\Sourcery G++ Lite/arm-none-eabi/lib\libc.a(lib_a-strcmp.o)
                0x4000aee4                strcmp
 .text          0x4000b114     0x128c C:\CodeSourcery\Sourcery G++ Lite/arm-none-eabi/lib\libc.a(lib_a-svfiprintf.o)
                0x4000b114                __ssprint_r
                0x4000b2c0                _svfiprintf_r
 .text          0x4000c3a0       0x9c C:\CodeSourcery\Sourcery G++ Lite/arm-none-eabi/lib\libc.a(lib_a-callocr.o)
                0x4000c3a0                _calloc_r
 .text          0x4000c43c      0x36c C:\CodeSourcery\Sourcery G++ Lite/arm-none-eabi/lib\libc.a(lib_a-freer.o)
                0x4000c43c                _malloc_trim_r
                0x4000c53c                _free_r
 .text          0x4000c7a8      0x134 C:\CodeSourcery\Sourcery G++ Lite/arm-none-eabi/lib\libc.a(lib_a-memmove.o)
                0x4000c7a8                memmove
 .text          0x4000c8dc       0xf4 C:\CodeSourcery\Sourcery G++ Lite/arm-none-eabi/lib\libc.a(lib_a-memset.o)
                0x4000c8dc                memset
 .text          0x4000c9d0      0x56c C:\CodeSourcery\Sourcery G++ Lite/arm-none-eabi/lib\libc.a(lib_a-reallocr.o)
                0x4000c9d0                _realloc_r
 .text          0x4000cf3c      0x134 C:\CodeSourcery\Sourcery G++ Lite/arm-none-eabi/lib\libc.a(lib_a-reent.o)
                0x4000cf3c                cleanup_glue
                0x4000cf68                _reclaim_reent
 .text          0x4000d070      0x114 C:\CodeSourcery\Sourcery G++ Lite/lib/gcc/arm-none-eabi/4.8.1\libgcc.a(_udivsi3.o)
                0x4000d070                __aeabi_uidiv
                0x4000d070                __udivsi3
                0x4000d164                __aeabi_uidivmod
 .text          0x4000d184        0x4 C:\CodeSourcery\Sourcery G++ Lite/lib/gcc/arm-none-eabi/4.8.1\libgcc.a(_dvmd_tls.o)
                0x4000d184                __aeabi_idiv0
                0x4000d184                __aeabi_ldiv0
 .text          0x4000d188      0x41c C:\CodeSourcery\Sourcery G++ Lite/lib/gcc/arm-none-eabi/4.8.1\libgcc.a(_arm_addsubdf3.o)
                0x4000d188                __aeabi_drsub
                0x4000d190                __aeabi_dsub
                0x4000d190                __subdf3
                0x4000d194                __aeabi_dadd
                0x4000d194                __adddf3
                0x4000d4a4                __floatunsidf
                0x4000d4a4                __aeabi_ui2d
                0x4000d4c8                __floatsidf
                0x4000d4c8                __aeabi_i2d
                0x4000d4f0                __aeabi_f2d
                0x4000d4f0                __extendsfdf2
                0x4000d530                __floatundidf
                0x4000d530                __aeabi_ul2d
                0x4000d544                __floatdidf
                0x4000d544                __aeabi_l2d
 .text          0x4000d5a4      0x49c C:\CodeSourcery\Sourcery G++ Lite/lib/gcc/arm-none-eabi/4.8.1\libgcc.a(_arm_muldivdf3.o)
                0x4000d5a4                __aeabi_dmul
                0x4000d5a4                __muldf3
                0x4000d834                __divdf3
                0x4000d834                __aeabi_ddiv
 .text          0x4000da40      0x144 C:\CodeSourcery\Sourcery G++ Lite/lib/gcc/arm-none-eabi/4.8.1\libgcc.a(_arm_cmpdf2.o)
                0x4000da40                __gtdf2
                0x4000da40                __gedf2
                0x4000da48                __ltdf2
                0x4000da48                __ledf2
                0x4000da50                __nedf2
                0x4000da50                __eqdf2
                0x4000da50                __cmpdf2
                0x4000dad8                __aeabi_cdrcmple
                0x4000daf4                __aeabi_cdcmpeq
                0x4000daf4                __aeabi_cdcmple
                0x4000db0c                __aeabi_dcmpeq
                0x4000db24                __aeabi_dcmplt
                0x4000db3c                __aeabi_dcmple
                0x4000db54                __aeabi_dcmpge
                0x4000db6c                __aeabi_dcmpgt
 .text          0x4000db84       0x5c C:\CodeSourcery\Sourcery G++ Lite/lib/gcc/arm-none-eabi/4.8.1\libgcc.a(_arm_fixdfsi.o)
                0x4000db84                __aeabi_d2iz
                0x4000db84                __fixdfsi
 .text          0x4000dbe0       0x3c C:\CodeSourcery\Sourcery G++ Lite/lib/gcc/arm-none-eabi/4.8.1\libgcc.a(_aeabi_uldivmod.o)
                0x4000dbe0                __aeabi_uldivmod
 .text          0x4000dc1c       0x84 C:\CodeSourcery\Sourcery G++ Lite/lib/gcc/arm-none-eabi/4.8.1\libgcc.a(bpabi.o)
                0x4000dc1c                __gnu_ldivmod_helper
                0x4000dc60                __gnu_uldivmod_helper
 .text          0x4000dca0      0x4d0 C:\CodeSourcery\Sourcery G++ Lite/lib/gcc/arm-none-eabi/4.8.1\libgcc.a(_divdi3.o)
                0x4000dca0                __divdi3
 .text          0x4000e170      0x470 C:\CodeSourcery\Sourcery G++ Lite/lib/gcc/arm-none-eabi/4.8.1\libgcc.a(_udivdi3.o)
                0x4000e170                __udivdi3
 .text          0x4000e5e0       0x48 C:\CodeSourcery\Sourcery G++ Lite/lib/gcc/arm-none-eabi/4.8.1\libgcc.a(_clzsi2.o)
                0x4000e5e0                __clzsi2
                0x4000e628                . = ALIGN (0x4)

.glue_7         0x4000e628        0x0
 .glue_7        0x00000000        0x0 linker stubs

.glue_7t        0x4000e628        0x0
 .glue_7t       0x00000000        0x0 linker stubs

.vfp11_veneer   0x4000e628        0x0
 .vfp11_veneer  0x00000000        0x0 linker stubs

.v4_bx          0x4000e628        0x0
 .v4_bx         0x00000000        0x0 linker stubs

.iplt           0x4000e628        0x0
 .iplt          0x00000000        0x0 Exception.o

.rodata         0x4000e628     0x87f4
                0x4000e628                __RO_BASE__ = .
 *(.rodata)
 .rodata        0x4000e628     0x82b8 graphics.o
                0x4000e630                HanTable
                0x40012b90                han16x16
                0x400158e0                eng8x16
 .rodata        0x400168e0      0x104 C:\CodeSourcery\Sourcery G++ Lite/arm-none-eabi/lib\libc.a(lib_a-ctype_.o)
                0x400168e0                _ctype_
 .rodata        0x400169e4        0x4 C:\CodeSourcery\Sourcery G++ Lite/arm-none-eabi/lib\libc.a(lib_a-impure.o)
                0x400169e4                _global_impure_ptr
 .rodata        0x400169e8       0x20 C:\CodeSourcery\Sourcery G++ Lite/arm-none-eabi/lib\libc.a(lib_a-svfprintf.o)
 .rodata        0x40016a08      0x128 C:\CodeSourcery\Sourcery G++ Lite/arm-none-eabi/lib\libc.a(lib_a-mprec.o)
                0x40016a18                __mprec_tens
                0x40016ae0                __mprec_tinytens
                0x40016b08                __mprec_bigtens
 .rodata        0x40016b30       0x20 C:\CodeSourcery\Sourcery G++ Lite/arm-none-eabi/lib\libc.a(lib_a-svfiprintf.o)
 *(.rodata.*)
 .rodata.str1.4
                0x40016b50      0x1a8 Exception.o
 .rodata.str1.4
                0x40016cf8       0x14 app_controller.o
 .rodata.str1.4
                0x40016d0c        0xc app_service.o
 .rodata.str1.4
                0x40016d18       0x2d graphics.o
                                 0x30 (size before relaxing)
 *fill*         0x40016d45        0x3 
 .rodata.str1.4
                0x40016d48       0x1d main.o
                                 0x20 (size before relaxing)
 *fill*         0x40016d65        0x3 
 .rodata.str1.4
                0x40016d68       0x49 test.o
                                 0x4c (size before relaxing)
 *fill*         0x40016db1        0x3 
 .rodata.str1.4
                0x40016db4        0x4 uart.o
 .rodata.str1.4
                0x40016db8        0x2 C:\CodeSourcery\Sourcery G++ Lite/arm-none-eabi/lib\libc.a(lib_a-impure.o)
                                  0x4 (size before relaxing)
 *fill*         0x40016dba        0x2 
 .rodata.str1.4
                0x40016dbc       0x42 C:\CodeSourcery\Sourcery G++ Lite/arm-none-eabi/lib\libc.a(lib_a-svfprintf.o)
                                 0x44 (size before relaxing)
 *fill*         0x40016dfe        0x2 
 .rodata.str1.4
                0x40016e00       0x10 C:\CodeSourcery\Sourcery G++ Lite/arm-none-eabi/lib\libc.a(lib_a-dtoa.o)
                                 0x14 (size before relaxing)
 .rodata.str1.4
                0x40016e10        0xc C:\CodeSourcery\Sourcery G++ Lite/arm-none-eabi/lib\libc.a(lib_a-locale.o)
                                 0x14 (size before relaxing)
 .rodata.str1.4
                0x00000000       0x30 C:\CodeSourcery\Sourcery G++ Lite/arm-none-eabi/lib\libc.a(lib_a-svfiprintf.o)
                0x40016e1c                . = ALIGN (0x4)
                0x40016e1c                __RO_LIMIT__ = .

.ARM.extab      0x40016e1c        0x0
 .ARM.extab     0x40016e1c        0x0 C:\CodeSourcery\Sourcery G++ Lite/lib/gcc/arm-none-eabi/4.8.1\libgcc.a(_divdi3.o)
 .ARM.extab     0x40016e1c        0x0 C:\CodeSourcery\Sourcery G++ Lite/lib/gcc/arm-none-eabi/4.8.1\libgcc.a(_udivdi3.o)

.ARM.exidx      0x40016e1c        0x8
 .ARM.exidx     0x40016e1c        0x8 C:\CodeSourcery\Sourcery G++ Lite/lib/gcc/arm-none-eabi/4.8.1\libgcc.a(_divdi3.o)
 .ARM.exidx     0x40016e24        0x0 C:\CodeSourcery\Sourcery G++ Lite/lib/gcc/arm-none-eabi/4.8.1\libgcc.a(_udivdi3.o)
                                  0x8 (size before relaxing)

.rel.dyn        0x40016e24        0x0
 .rel.iplt      0x00000000        0x0 Exception.o

.data           0x40016e28      0xb9c
                0x40016e28                __RW_BASE__ = .
 *(.data)
 .data          0x40016e28      0x1e0 Exception.o
                0x40016e28                ISR_Vector
 .data          0x40017008        0x0 app_controller.o
 .data          0x40017008       0x20 app_service.o
                0x40017008                stackBase
                0x40017010                sizeApp
                0x40017018                ram
                0x40017020                stackLimit
 .data          0x40017028        0x0 cp15.o
 .data          0x40017028       0xb0 gic.o
                0x40017028                ICCICR
                0x40017038                ICCPMR
                0x40017048                ICDISER0
                0x40017058                ICDISERn
                0x40017068                ICDICER0
                0x40017078                ICDICERn
                0x40017088                ICDIPR0
                0x40017098                ICDIPTR0
                0x400170a8                ICDICPR0
                0x400170b8                ICCIAR
                0x400170c8                ICCEOIR
 .data          0x400170d8       0x28 graphics.o
                0x400170d8                ArrFbSel
 .data          0x40017100        0x0 key.o
 .data          0x40017100        0x0 led.o
 .data          0x40017100        0x0 main.o
 .data          0x40017100        0x0 runtime.o
 .data          0x40017100        0x0 sdhc.o
 .data          0x40017100        0x0 test.o
 .data          0x40017100        0x0 timer.o
 .data          0x40017100        0x0 uart.o
 .data          0x40017100        0x0 asm_function.o
 .data          0x40017100        0x0 cp15a.o
 .data          0x40017100        0x0 crt0.o
 .data          0x40017100        0x0 C:\CodeSourcery\Sourcery G++ Lite/arm-none-eabi/lib\libc.a(lib_a-atoi.o)
 .data          0x40017100        0x4 C:\CodeSourcery\Sourcery G++ Lite/arm-none-eabi/lib\libc.a(lib_a-ctype_.o)
                0x40017100                __ctype_ptr__
 .data          0x40017104        0x0 C:\CodeSourcery\Sourcery G++ Lite/arm-none-eabi/lib\libc.a(lib_a-strlen.o)
 .data          0x40017104        0x0 C:\CodeSourcery\Sourcery G++ Lite/arm-none-eabi/lib\libc.a(lib_a-strtol.o)
 .data          0x40017104        0x0 C:\CodeSourcery\Sourcery G++ Lite/arm-none-eabi/lib\libc.a(lib_a-vsprintf.o)
 *fill*         0x40017104        0x4 
 .data          0x40017108      0x430 C:\CodeSourcery\Sourcery G++ Lite/arm-none-eabi/lib\libc.a(lib_a-impure.o)
                0x40017108                _impure_ptr
 .data          0x40017538        0x0 C:\CodeSourcery\Sourcery G++ Lite/arm-none-eabi/lib\libc.a(lib_a-svfprintf.o)
 .data          0x40017538        0x0 C:\CodeSourcery\Sourcery G++ Lite/arm-none-eabi/lib\libc.a(lib_a-dtoa.o)
 .data          0x40017538       0x7c C:\CodeSourcery\Sourcery G++ Lite/arm-none-eabi/lib\libc.a(lib_a-locale.o)
                0x40017558                __mb_cur_max
 .data          0x400175b4      0x410 C:\CodeSourcery\Sourcery G++ Lite/arm-none-eabi/lib\libc.a(lib_a-mallocr.o)
                0x400175b4                __malloc_av_
                0x400179bc                __malloc_sbrk_base
                0x400179c0                __malloc_trim_threshold
 .data          0x400179c4        0x0 C:\CodeSourcery\Sourcery G++ Lite/arm-none-eabi/lib\libc.a(lib_a-memchr-stub.o)
 .data          0x400179c4        0x0 C:\CodeSourcery\Sourcery G++ Lite/arm-none-eabi/lib\libc.a(lib_a-memcpy-stub.o)
 .data          0x400179c4        0x0 C:\CodeSourcery\Sourcery G++ Lite/arm-none-eabi/lib\libc.a(lib_a-mlock.o)
 .data          0x400179c4        0x0 C:\CodeSourcery\Sourcery G++ Lite/arm-none-eabi/lib\libc.a(lib_a-mprec.o)
 .data          0x400179c4        0x0 C:\CodeSourcery\Sourcery G++ Lite/arm-none-eabi/lib\libc.a(lib_a-s_fpclassify.o)
 .data          0x400179c4        0x0 C:\CodeSourcery\Sourcery G++ Lite/arm-none-eabi/lib\libc.a(lib_a-sbrkr.o)
 .data          0x400179c4        0x0 C:\CodeSourcery\Sourcery G++ Lite/arm-none-eabi/lib\libc.a(lib_a-strcmp.o)
 .data          0x400179c4        0x0 C:\CodeSourcery\Sourcery G++ Lite/arm-none-eabi/lib\libc.a(lib_a-svfiprintf.o)
 .data          0x400179c4        0x0 C:\CodeSourcery\Sourcery G++ Lite/arm-none-eabi/lib\libc.a(lib_a-callocr.o)
 .data          0x400179c4        0x0 C:\CodeSourcery\Sourcery G++ Lite/arm-none-eabi/lib\libc.a(lib_a-freer.o)
 .data          0x400179c4        0x0 C:\CodeSourcery\Sourcery G++ Lite/arm-none-eabi/lib\libc.a(lib_a-memmove.o)
 .data          0x400179c4        0x0 C:\CodeSourcery\Sourcery G++ Lite/arm-none-eabi/lib\libc.a(lib_a-memset.o)
 .data          0x400179c4        0x0 C:\CodeSourcery\Sourcery G++ Lite/arm-none-eabi/lib\libc.a(lib_a-reallocr.o)
 .data          0x400179c4        0x0 C:\CodeSourcery\Sourcery G++ Lite/arm-none-eabi/lib\libc.a(lib_a-reent.o)
 .data          0x400179c4        0x0 C:\CodeSourcery\Sourcery G++ Lite/lib/gcc/arm-none-eabi/4.8.1\libgcc.a(_udivsi3.o)
 .data          0x400179c4        0x0 C:\CodeSourcery\Sourcery G++ Lite/lib/gcc/arm-none-eabi/4.8.1\libgcc.a(_dvmd_tls.o)
 .data          0x400179c4        0x0 C:\CodeSourcery\Sourcery G++ Lite/lib/gcc/arm-none-eabi/4.8.1\libgcc.a(_arm_addsubdf3.o)
 .data          0x400179c4        0x0 C:\CodeSourcery\Sourcery G++ Lite/lib/gcc/arm-none-eabi/4.8.1\libgcc.a(_arm_muldivdf3.o)
 .data          0x400179c4        0x0 C:\CodeSourcery\Sourcery G++ Lite/lib/gcc/arm-none-eabi/4.8.1\libgcc.a(_arm_cmpdf2.o)
 .data          0x400179c4        0x0 C:\CodeSourcery\Sourcery G++ Lite/lib/gcc/arm-none-eabi/4.8.1\libgcc.a(_arm_fixdfsi.o)
 .data          0x400179c4        0x0 C:\CodeSourcery\Sourcery G++ Lite/lib/gcc/arm-none-eabi/4.8.1\libgcc.a(_aeabi_uldivmod.o)
 .data          0x400179c4        0x0 C:\CodeSourcery\Sourcery G++ Lite/lib/gcc/arm-none-eabi/4.8.1\libgcc.a(bpabi.o)
 .data          0x400179c4        0x0 C:\CodeSourcery\Sourcery G++ Lite/lib/gcc/arm-none-eabi/4.8.1\libgcc.a(_divdi3.o)
 .data          0x400179c4        0x0 C:\CodeSourcery\Sourcery G++ Lite/lib/gcc/arm-none-eabi/4.8.1\libgcc.a(_udivdi3.o)
 .data          0x400179c4        0x0 C:\CodeSourcery\Sourcery G++ Lite/lib/gcc/arm-none-eabi/4.8.1\libgcc.a(_clzsi2.o)
 *(.data.*)
                0x400179c4                . = ALIGN (0x4)
                0x400179c4                __RW_LIMIT__ = .

.igot.plt       0x400179c4        0x0
 .igot.plt      0x00000000        0x0 Exception.o

.bss            0x400179c8      0x11c
                0x400179c8                __ZI_BASE__ = .
 *(.bss)
 .bss           0x400179c8       0x14 Exception.o
                0x400179c8                sd_insert_flag
                0x400179cc                sd_rd_buffer_flag
                0x400179d0                sd_wr_buffer_flag
                0x400179d4                sd_tr_flag
                0x400179d8                sd_command_complete_flag
 .bss           0x400179dc        0x0 app_controller.o
 .bss           0x400179dc        0x4 app_service.o
                0x400179dc                curAppNum
 .bss           0x400179e0        0x0 cp15.o
 .bss           0x400179e0        0x0 gic.o
 .bss           0x400179e0       0xb8 graphics.o
                0x400179e0                pLcdFb
                0x400179e4                ArrWinInfo
                0x40017a84                Selected_win
                0x40017a88                Selected_frame
                0x40017a90                Display_frame
 .bss           0x40017a98        0x0 key.o
 .bss           0x40017a98        0x0 led.o
 .bss           0x40017a98        0x0 main.o
 .bss           0x40017a98        0x4 runtime.o
 .bss           0x40017a9c        0x2 sdhc.o
                0x40017a9c                sd_rca
 .bss           0x40017a9e        0x0 test.o
 .bss           0x40017a9e        0x0 timer.o
 .bss           0x40017a9e        0x0 uart.o
 .bss           0x40017a9e        0x0 asm_function.o
 .bss           0x40017a9e        0x0 cp15a.o
 .bss           0x40017a9e        0x0 crt0.o
 .bss           0x40017a9e        0x0 C:\CodeSourcery\Sourcery G++ Lite/arm-none-eabi/lib\libc.a(lib_a-atoi.o)
 .bss           0x40017a9e        0x0 C:\CodeSourcery\Sourcery G++ Lite/arm-none-eabi/lib\libc.a(lib_a-ctype_.o)
 .bss           0x40017a9e        0x0 C:\CodeSourcery\Sourcery G++ Lite/arm-none-eabi/lib\libc.a(lib_a-strlen.o)
 .bss           0x40017a9e        0x0 C:\CodeSourcery\Sourcery G++ Lite/arm-none-eabi/lib\libc.a(lib_a-strtol.o)
 .bss           0x40017a9e        0x0 C:\CodeSourcery\Sourcery G++ Lite/arm-none-eabi/lib\libc.a(lib_a-vsprintf.o)
 .bss           0x40017a9e        0x0 C:\CodeSourcery\Sourcery G++ Lite/arm-none-eabi/lib\libc.a(lib_a-impure.o)
 .bss           0x40017a9e        0x0 C:\CodeSourcery\Sourcery G++ Lite/arm-none-eabi/lib\libc.a(lib_a-svfprintf.o)
 .bss           0x40017a9e        0x0 C:\CodeSourcery\Sourcery G++ Lite/arm-none-eabi/lib\libc.a(lib_a-dtoa.o)
 *fill*         0x40017a9e        0x2 
 .bss           0x40017aa0        0xc C:\CodeSourcery\Sourcery G++ Lite/arm-none-eabi/lib\libc.a(lib_a-locale.o)
                0x40017aa0                _PathLocale
                0x40017aa4                __mlocale_changed
                0x40017aa8                __nlocale_changed
 .bss           0x40017aac       0x34 C:\CodeSourcery\Sourcery G++ Lite/arm-none-eabi/lib\libc.a(lib_a-mallocr.o)
                0x40017aac                __malloc_top_pad
                0x40017ab0                __malloc_current_mallinfo
                0x40017ad8                __malloc_max_sbrked_mem
                0x40017adc                __malloc_max_total_mem
 .bss           0x40017ae0        0x0 C:\CodeSourcery\Sourcery G++ Lite/arm-none-eabi/lib\libc.a(lib_a-memchr-stub.o)
 .bss           0x40017ae0        0x0 C:\CodeSourcery\Sourcery G++ Lite/arm-none-eabi/lib\libc.a(lib_a-memcpy-stub.o)
 .bss           0x40017ae0        0x0 C:\CodeSourcery\Sourcery G++ Lite/arm-none-eabi/lib\libc.a(lib_a-mlock.o)
 .bss           0x40017ae0        0x0 C:\CodeSourcery\Sourcery G++ Lite/arm-none-eabi/lib\libc.a(lib_a-mprec.o)
 .bss           0x40017ae0        0x0 C:\CodeSourcery\Sourcery G++ Lite/arm-none-eabi/lib\libc.a(lib_a-s_fpclassify.o)
 .bss           0x40017ae0        0x0 C:\CodeSourcery\Sourcery G++ Lite/arm-none-eabi/lib\libc.a(lib_a-sbrkr.o)
 .bss           0x40017ae0        0x0 C:\CodeSourcery\Sourcery G++ Lite/arm-none-eabi/lib\libc.a(lib_a-strcmp.o)
 .bss           0x40017ae0        0x0 C:\CodeSourcery\Sourcery G++ Lite/arm-none-eabi/lib\libc.a(lib_a-svfiprintf.o)
 .bss           0x40017ae0        0x0 C:\CodeSourcery\Sourcery G++ Lite/arm-none-eabi/lib\libc.a(lib_a-callocr.o)
 .bss           0x40017ae0        0x0 C:\CodeSourcery\Sourcery G++ Lite/arm-none-eabi/lib\libc.a(lib_a-freer.o)
 .bss           0x40017ae0        0x0 C:\CodeSourcery\Sourcery G++ Lite/arm-none-eabi/lib\libc.a(lib_a-memmove.o)
 .bss           0x40017ae0        0x0 C:\CodeSourcery\Sourcery G++ Lite/arm-none-eabi/lib\libc.a(lib_a-memset.o)
 .bss           0x40017ae0        0x0 C:\CodeSourcery\Sourcery G++ Lite/arm-none-eabi/lib\libc.a(lib_a-reallocr.o)
 .bss           0x40017ae0        0x0 C:\CodeSourcery\Sourcery G++ Lite/arm-none-eabi/lib\libc.a(lib_a-reent.o)
 .bss           0x40017ae0        0x0 C:\CodeSourcery\Sourcery G++ Lite/lib/gcc/arm-none-eabi/4.8.1\libgcc.a(_udivsi3.o)
 .bss           0x40017ae0        0x0 C:\CodeSourcery\Sourcery G++ Lite/lib/gcc/arm-none-eabi/4.8.1\libgcc.a(_dvmd_tls.o)
 .bss           0x40017ae0        0x0 C:\CodeSourcery\Sourcery G++ Lite/lib/gcc/arm-none-eabi/4.8.1\libgcc.a(_arm_addsubdf3.o)
 .bss           0x40017ae0        0x0 C:\CodeSourcery\Sourcery G++ Lite/lib/gcc/arm-none-eabi/4.8.1\libgcc.a(_arm_muldivdf3.o)
 .bss           0x40017ae0        0x0 C:\CodeSourcery\Sourcery G++ Lite/lib/gcc/arm-none-eabi/4.8.1\libgcc.a(_arm_cmpdf2.o)
 .bss           0x40017ae0        0x0 C:\CodeSourcery\Sourcery G++ Lite/lib/gcc/arm-none-eabi/4.8.1\libgcc.a(_arm_fixdfsi.o)
 .bss           0x40017ae0        0x0 C:\CodeSourcery\Sourcery G++ Lite/lib/gcc/arm-none-eabi/4.8.1\libgcc.a(_aeabi_uldivmod.o)
 .bss           0x40017ae0        0x0 C:\CodeSourcery\Sourcery G++ Lite/lib/gcc/arm-none-eabi/4.8.1\libgcc.a(bpabi.o)
 .bss           0x40017ae0        0x0 C:\CodeSourcery\Sourcery G++ Lite/lib/gcc/arm-none-eabi/4.8.1\libgcc.a(_divdi3.o)
 .bss           0x40017ae0        0x0 C:\CodeSourcery\Sourcery G++ Lite/lib/gcc/arm-none-eabi/4.8.1\libgcc.a(_udivdi3.o)
 .bss           0x40017ae0        0x0 C:\CodeSourcery\Sourcery G++ Lite/lib/gcc/arm-none-eabi/4.8.1\libgcc.a(_clzsi2.o)
 *(.bss.*)
                0x40017ae0                . = ALIGN (0x4)
                0x40017ae0                __ZI_LIMIT__ = .
 COMMON         0x40017ae0        0x4 C:\CodeSourcery\Sourcery G++ Lite/arm-none-eabi/lib\libc.a(lib_a-reent.o)
                0x40017ae0                errno
OUTPUT(dram_0x40000000.elf elf32-littlearm)

.debug_info     0x00000000     0x529c
 .debug_info    0x00000000      0x614 Exception.o
 .debug_info    0x00000614       0xe3 app_controller.o
 .debug_info    0x000006f7      0x24a app_service.o
 .debug_info    0x00000941     0x1625 cp15.o
 .debug_info    0x00001f66      0x390 gic.o
 .debug_info    0x000022f6     0x163b graphics.o
 .debug_info    0x00003931      0x244 key.o
 .debug_info    0x00003b75       0xd7 led.o
 .debug_info    0x00003c4c      0x49e main.o
 .debug_info    0x000040ea      0x172 runtime.o
 .debug_info    0x0000425c      0x693 sdhc.o
 .debug_info    0x000048ef      0x110 test.o
 .debug_info    0x000049ff      0x19c timer.o
 .debug_info    0x00004b9b      0x5e1 uart.o
 .debug_info    0x0000517c       0x65 asm_function.o
 .debug_info    0x000051e1       0x5e cp15a.o
 .debug_info    0x0000523f       0x5d crt0.o

.debug_abbrev   0x00000000     0x156a
 .debug_abbrev  0x00000000      0x166 Exception.o
 .debug_abbrev  0x00000166       0xb7 app_controller.o
 .debug_abbrev  0x0000021d      0x13f app_service.o
 .debug_abbrev  0x0000035c      0x2ed cp15.o
 .debug_abbrev  0x00000649       0xc0 gic.o
 .debug_abbrev  0x00000709      0x370 graphics.o
 .debug_abbrev  0x00000a79      0x112 key.o
 .debug_abbrev  0x00000b8b       0x95 led.o
 .debug_abbrev  0x00000c20      0x15d main.o
 .debug_abbrev  0x00000d7d       0xf3 runtime.o
 .debug_abbrev  0x00000e70      0x279 sdhc.o
 .debug_abbrev  0x000010e9       0xb6 test.o
 .debug_abbrev  0x0000119f       0xc4 timer.o
 .debug_abbrev  0x00001263      0x2cb uart.o
 .debug_abbrev  0x0000152e       0x14 asm_function.o
 .debug_abbrev  0x00001542       0x14 cp15a.o
 .debug_abbrev  0x00001556       0x14 crt0.o

.debug_loc      0x00000000     0x5390
 .debug_loc     0x00000000      0x296 Exception.o
 .debug_loc     0x00000296       0x2a app_controller.o
 .debug_loc     0x000002c0       0x4f app_service.o
 .debug_loc     0x0000030f     0x1c97 cp15.o
 .debug_loc     0x00001fa6      0x2fc gic.o
 .debug_loc     0x000022a2     0x2911 graphics.o
 .debug_loc     0x00004bb3       0x5b key.o
 .debug_loc     0x00004c0e       0x21 led.o
 .debug_loc     0x00004c2f       0xbd main.o
 .debug_loc     0x00004cec       0x41 runtime.o
 .debug_loc     0x00004d2d      0x1cc sdhc.o
 .debug_loc     0x00004ef9       0x42 test.o
 .debug_loc     0x00004f3b       0x95 timer.o
 .debug_loc     0x00004fd0      0x3c0 uart.o

.debug_aranges  0x00000000      0x220
 .debug_aranges
                0x00000000       0x20 Exception.o
 .debug_aranges
                0x00000020       0x20 app_controller.o
 .debug_aranges
                0x00000040       0x20 app_service.o
 .debug_aranges
                0x00000060       0x20 cp15.o
 .debug_aranges
                0x00000080       0x20 gic.o
 .debug_aranges
                0x000000a0       0x20 graphics.o
 .debug_aranges
                0x000000c0       0x20 key.o
 .debug_aranges
                0x000000e0       0x20 led.o
 .debug_aranges
                0x00000100       0x20 main.o
 .debug_aranges
                0x00000120       0x20 runtime.o
 .debug_aranges
                0x00000140       0x20 sdhc.o
 .debug_aranges
                0x00000160       0x20 test.o
 .debug_aranges
                0x00000180       0x20 timer.o
 .debug_aranges
                0x000001a0       0x20 uart.o
 .debug_aranges
                0x000001c0       0x20 asm_function.o
 .debug_aranges
                0x000001e0       0x20 cp15a.o
 .debug_aranges
                0x00000200       0x20 crt0.o

.debug_line     0x00000000     0x17b3
 .debug_line    0x00000000       0xdc Exception.o
 .debug_line    0x000000dc       0x65 app_controller.o
 .debug_line    0x00000141       0x74 app_service.o
 .debug_line    0x000001b5      0x289 cp15.o
 .debug_line    0x0000043e       0x75 gic.o
 .debug_line    0x000004b3      0x75b graphics.o
 .debug_line    0x00000c0e       0x7d key.o
 .debug_line    0x00000c8b       0x37 led.o
 .debug_line    0x00000cc2       0xc7 main.o
 .debug_line    0x00000d89       0xa1 runtime.o
 .debug_line    0x00000e2a      0x332 sdhc.o
 .debug_line    0x0000115c       0x60 test.o
 .debug_line    0x000011bc       0x7e timer.o
 .debug_line    0x0000123a      0x288 uart.o
 .debug_line    0x000014c2       0xb7 asm_function.o
 .debug_line    0x00001579      0x189 cp15a.o
 .debug_line    0x00001702       0xb1 crt0.o

.debug_str      0x00000000      0xe75
 .debug_str     0x00000000      0x2cf Exception.o
                                0x30d (size before relaxing)
 .debug_str     0x000002cf       0x28 app_controller.o
                                0x1ad (size before relaxing)
 .debug_str     0x000002f7       0x61 app_service.o
                                0x216 (size before relaxing)
 .debug_str     0x00000358      0x355 cp15.o
                                0x45b (size before relaxing)
 .debug_str     0x000006ad      0x15d gic.o
                                0x2fb (size before relaxing)
 .debug_str     0x0000080a      0x2fa graphics.o
                                0x4a5 (size before relaxing)
 .debug_str     0x00000b04       0x6f key.o
                                0x246 (size before relaxing)
 .debug_str     0x00000b73       0x1b led.o
                                0x193 (size before relaxing)
 .debug_str     0x00000b8e       0x61 main.o
                                0x366 (size before relaxing)
 .debug_str     0x00000bef       0x78 runtime.o
                                0x1f6 (size before relaxing)
 .debug_str     0x00000c67      0x11b sdhc.o
                                0x370 (size before relaxing)
 .debug_str     0x00000d82       0x1f test.o
                                0x1a4 (size before relaxing)
 .debug_str     0x00000da1       0x1b timer.o
                                0x203 (size before relaxing)
 .debug_str     0x00000dbc       0xb9 uart.o
                                0x31a (size before relaxing)

.comment        0x00000000       0x30
 .comment       0x00000000       0x30 Exception.o
                                 0x31 (size before relaxing)
 .comment       0x00000000       0x31 app_controller.o
 .comment       0x00000000       0x31 app_service.o
 .comment       0x00000000       0x31 cp15.o
 .comment       0x00000000       0x31 gic.o
 .comment       0x00000000       0x31 graphics.o
 .comment       0x00000000       0x31 key.o
 .comment       0x00000000       0x31 led.o
 .comment       0x00000000       0x31 main.o
 .comment       0x00000000       0x31 runtime.o
 .comment       0x00000000       0x31 sdhc.o
 .comment       0x00000000       0x31 test.o
 .comment       0x00000000       0x31 timer.o
 .comment       0x00000000       0x31 uart.o

.ARM.attributes
                0x00000000       0x3d
 .ARM.attributes
                0x00000000       0x3f Exception.o
 .ARM.attributes
                0x0000003f       0x3f app_controller.o
 .ARM.attributes
                0x0000007e       0x3f app_service.o
 .ARM.attributes
                0x000000bd       0x3f cp15.o
 .ARM.attributes
                0x000000fc       0x3f gic.o
 .ARM.attributes
                0x0000013b       0x3f graphics.o
 .ARM.attributes
                0x0000017a       0x3f key.o
 .ARM.attributes
                0x000001b9       0x3f led.o
 .ARM.attributes
                0x000001f8       0x3f main.o
 .ARM.attributes
                0x00000237       0x3f runtime.o
 .ARM.attributes
                0x00000276       0x3f sdhc.o
 .ARM.attributes
                0x000002b5       0x3f test.o
 .ARM.attributes
                0x000002f4       0x3f timer.o
 .ARM.attributes
                0x00000333       0x3f uart.o
 .ARM.attributes
                0x00000372       0x2b asm_function.o
 .ARM.attributes
                0x0000039d       0x2b cp15a.o
 .ARM.attributes
                0x000003c8       0x2b crt0.o
 .ARM.attributes
                0x000003f3       0x30 C:\CodeSourcery\Sourcery G++ Lite/arm-none-eabi/lib\libc.a(lib_a-atoi.o)
 .ARM.attributes
                0x00000423       0x30 C:\CodeSourcery\Sourcery G++ Lite/arm-none-eabi/lib\libc.a(lib_a-ctype_.o)
 .ARM.attributes
                0x00000453       0x30 C:\CodeSourcery\Sourcery G++ Lite/arm-none-eabi/lib\libc.a(lib_a-strlen.o)
 .ARM.attributes
                0x00000483       0x30 C:\CodeSourcery\Sourcery G++ Lite/arm-none-eabi/lib\libc.a(lib_a-strtol.o)
 .ARM.attributes
                0x000004b3       0x30 C:\CodeSourcery\Sourcery G++ Lite/arm-none-eabi/lib\libc.a(lib_a-vsprintf.o)
 .ARM.attributes
                0x000004e3       0x30 C:\CodeSourcery\Sourcery G++ Lite/arm-none-eabi/lib\libc.a(lib_a-impure.o)
 .ARM.attributes
                0x00000513       0x30 C:\CodeSourcery\Sourcery G++ Lite/arm-none-eabi/lib\libc.a(lib_a-svfprintf.o)
 .ARM.attributes
                0x00000543       0x30 C:\CodeSourcery\Sourcery G++ Lite/arm-none-eabi/lib\libc.a(lib_a-dtoa.o)
 .ARM.attributes
                0x00000573       0x30 C:\CodeSourcery\Sourcery G++ Lite/arm-none-eabi/lib\libc.a(lib_a-locale.o)
 .ARM.attributes
                0x000005a3       0x30 C:\CodeSourcery\Sourcery G++ Lite/arm-none-eabi/lib\libc.a(lib_a-mallocr.o)
 .ARM.attributes
                0x000005d3       0x30 C:\CodeSourcery\Sourcery G++ Lite/arm-none-eabi/lib\libc.a(lib_a-memchr-stub.o)
 .ARM.attributes
                0x00000603       0x30 C:\CodeSourcery\Sourcery G++ Lite/arm-none-eabi/lib\libc.a(lib_a-memcpy-stub.o)
 .ARM.attributes
                0x00000633       0x30 C:\CodeSourcery\Sourcery G++ Lite/arm-none-eabi/lib\libc.a(lib_a-mlock.o)
 .ARM.attributes
                0x00000663       0x30 C:\CodeSourcery\Sourcery G++ Lite/arm-none-eabi/lib\libc.a(lib_a-mprec.o)
 .ARM.attributes
                0x00000693       0x30 C:\CodeSourcery\Sourcery G++ Lite/arm-none-eabi/lib\libc.a(lib_a-s_fpclassify.o)
 .ARM.attributes
                0x000006c3       0x30 C:\CodeSourcery\Sourcery G++ Lite/arm-none-eabi/lib\libc.a(lib_a-sbrkr.o)
 .ARM.attributes
                0x000006f3       0x16 C:\CodeSourcery\Sourcery G++ Lite/arm-none-eabi/lib\libc.a(lib_a-strcmp.o)
 .ARM.attributes
                0x00000709       0x30 C:\CodeSourcery\Sourcery G++ Lite/arm-none-eabi/lib\libc.a(lib_a-svfiprintf.o)
 .ARM.attributes
                0x00000739       0x30 C:\CodeSourcery\Sourcery G++ Lite/arm-none-eabi/lib\libc.a(lib_a-callocr.o)
 .ARM.attributes
                0x00000769       0x30 C:\CodeSourcery\Sourcery G++ Lite/arm-none-eabi/lib\libc.a(lib_a-freer.o)
 .ARM.attributes
                0x00000799       0x30 C:\CodeSourcery\Sourcery G++ Lite/arm-none-eabi/lib\libc.a(lib_a-memmove.o)
 .ARM.attributes
                0x000007c9       0x30 C:\CodeSourcery\Sourcery G++ Lite/arm-none-eabi/lib\libc.a(lib_a-memset.o)
 .ARM.attributes
                0x000007f9       0x30 C:\CodeSourcery\Sourcery G++ Lite/arm-none-eabi/lib\libc.a(lib_a-reallocr.o)
 .ARM.attributes
                0x00000829       0x30 C:\CodeSourcery\Sourcery G++ Lite/arm-none-eabi/lib\libc.a(lib_a-reent.o)
 .ARM.attributes
                0x00000859       0x18 C:\CodeSourcery\Sourcery G++ Lite/lib/gcc/arm-none-eabi/4.8.1\libgcc.a(_udivsi3.o)
 .ARM.attributes
                0x00000871       0x18 C:\CodeSourcery\Sourcery G++ Lite/lib/gcc/arm-none-eabi/4.8.1\libgcc.a(_dvmd_tls.o)
 .ARM.attributes
                0x00000889       0x18 C:\CodeSourcery\Sourcery G++ Lite/lib/gcc/arm-none-eabi/4.8.1\libgcc.a(_arm_addsubdf3.o)
 .ARM.attributes
                0x000008a1       0x18 C:\CodeSourcery\Sourcery G++ Lite/lib/gcc/arm-none-eabi/4.8.1\libgcc.a(_arm_muldivdf3.o)
 .ARM.attributes
                0x000008b9       0x18 C:\CodeSourcery\Sourcery G++ Lite/lib/gcc/arm-none-eabi/4.8.1\libgcc.a(_arm_cmpdf2.o)
 .ARM.attributes
                0x000008d1       0x18 C:\CodeSourcery\Sourcery G++ Lite/lib/gcc/arm-none-eabi/4.8.1\libgcc.a(_arm_fixdfsi.o)
 .ARM.attributes
                0x000008e9       0x18 C:\CodeSourcery\Sourcery G++ Lite/lib/gcc/arm-none-eabi/4.8.1\libgcc.a(_aeabi_uldivmod.o)
 .ARM.attributes
                0x00000901       0x30 C:\CodeSourcery\Sourcery G++ Lite/lib/gcc/arm-none-eabi/4.8.1\libgcc.a(bpabi.o)
 .ARM.attributes
                0x00000931       0x30 C:\CodeSourcery\Sourcery G++ Lite/lib/gcc/arm-none-eabi/4.8.1\libgcc.a(_divdi3.o)
 .ARM.attributes
                0x00000961       0x30 C:\CodeSourcery\Sourcery G++ Lite/lib/gcc/arm-none-eabi/4.8.1\libgcc.a(_udivdi3.o)
 .ARM.attributes
                0x00000991       0x18 C:\CodeSourcery\Sourcery G++ Lite/lib/gcc/arm-none-eabi/4.8.1\libgcc.a(_clzsi2.o)

.debug_frame    0x00000000     0x14cc
 .debug_frame   0x00000000      0x184 Exception.o
 .debug_frame   0x00000184       0x34 app_controller.o
 .debug_frame   0x000001b8       0x78 app_service.o
 .debug_frame   0x00000230      0x278 cp15.o
 .debug_frame   0x000004a8       0xd0 gic.o
 .debug_frame   0x00000578      0x2cc graphics.o
 .debug_frame   0x00000844       0x84 key.o
 .debug_frame   0x000008c8       0x30 led.o
 .debug_frame   0x000008f8       0x58 main.o
 .debug_frame   0x00000950       0x74 runtime.o
 .debug_frame   0x000009c4      0x178 sdhc.o
 .debug_frame   0x00000b3c       0x34 test.o
 .debug_frame   0x00000b70       0x40 timer.o
 .debug_frame   0x00000bb0      0x114 uart.o
 .debug_frame   0x00000cc4       0x40 C:\CodeSourcery\Sourcery G++ Lite/arm-none-eabi/lib\libc.a(lib_a-atoi.o)
 .debug_frame   0x00000d04       0x20 C:\CodeSourcery\Sourcery G++ Lite/arm-none-eabi/lib\libc.a(lib_a-strlen.o)
 .debug_frame   0x00000d24       0x50 C:\CodeSourcery\Sourcery G++ Lite/arm-none-eabi/lib\libc.a(lib_a-strtol.o)
 .debug_frame   0x00000d74       0x44 C:\CodeSourcery\Sourcery G++ Lite/arm-none-eabi/lib\libc.a(lib_a-vsprintf.o)
 .debug_frame   0x00000db8       0x3c C:\CodeSourcery\Sourcery G++ Lite/arm-none-eabi/lib\libc.a(lib_a-svfprintf.o)
 .debug_frame   0x00000df4       0x64 C:\CodeSourcery\Sourcery G++ Lite/arm-none-eabi/lib\libc.a(lib_a-dtoa.o)
 .debug_frame   0x00000e58       0x98 C:\CodeSourcery\Sourcery G++ Lite/arm-none-eabi/lib\libc.a(lib_a-locale.o)
 .debug_frame   0x00000ef0       0x38 C:\CodeSourcery\Sourcery G++ Lite/arm-none-eabi/lib\libc.a(lib_a-mallocr.o)
 .debug_frame   0x00000f28       0x2c C:\CodeSourcery\Sourcery G++ Lite/arm-none-eabi/lib\libc.a(lib_a-memchr-stub.o)
 .debug_frame   0x00000f54       0x2c C:\CodeSourcery\Sourcery G++ Lite/arm-none-eabi/lib\libc.a(lib_a-memcpy-stub.o)
 .debug_frame   0x00000f80       0x30 C:\CodeSourcery\Sourcery G++ Lite/arm-none-eabi/lib\libc.a(lib_a-mlock.o)
 .debug_frame   0x00000fb0      0x20c C:\CodeSourcery\Sourcery G++ Lite/arm-none-eabi/lib\libc.a(lib_a-mprec.o)
 .debug_frame   0x000011bc       0x20 C:\CodeSourcery\Sourcery G++ Lite/arm-none-eabi/lib\libc.a(lib_a-s_fpclassify.o)
 .debug_frame   0x000011dc       0x2c C:\CodeSourcery\Sourcery G++ Lite/arm-none-eabi/lib\libc.a(lib_a-sbrkr.o)
 .debug_frame   0x00001208       0x64 C:\CodeSourcery\Sourcery G++ Lite/arm-none-eabi/lib\libc.a(lib_a-svfiprintf.o)
 .debug_frame   0x0000126c       0x28 C:\CodeSourcery\Sourcery G++ Lite/arm-none-eabi/lib\libc.a(lib_a-callocr.o)
 .debug_frame   0x00001294       0x50 C:\CodeSourcery\Sourcery G++ Lite/arm-none-eabi/lib\libc.a(lib_a-freer.o)
 .debug_frame   0x000012e4       0x2c C:\CodeSourcery\Sourcery G++ Lite/arm-none-eabi/lib\libc.a(lib_a-memmove.o)
 .debug_frame   0x00001310       0x2c C:\CodeSourcery\Sourcery G++ Lite/arm-none-eabi/lib\libc.a(lib_a-memset.o)
 .debug_frame   0x0000133c       0x38 C:\CodeSourcery\Sourcery G++ Lite/arm-none-eabi/lib\libc.a(lib_a-reallocr.o)
 .debug_frame   0x00001374       0x48 C:\CodeSourcery\Sourcery G++ Lite/arm-none-eabi/lib\libc.a(lib_a-reent.o)
 .debug_frame   0x000013bc       0x20 C:\CodeSourcery\Sourcery G++ Lite/lib/gcc/arm-none-eabi/4.8.1\libgcc.a(_udivsi3.o)
 .debug_frame   0x000013dc       0x28 C:\CodeSourcery\Sourcery G++ Lite/lib/gcc/arm-none-eabi/4.8.1\libgcc.a(_aeabi_uldivmod.o)
 .debug_frame   0x00001404       0x58 C:\CodeSourcery\Sourcery G++ Lite/lib/gcc/arm-none-eabi/4.8.1\libgcc.a(bpabi.o)
 .debug_frame   0x0000145c       0x38 C:\CodeSourcery\Sourcery G++ Lite/lib/gcc/arm-none-eabi/4.8.1\libgcc.a(_divdi3.o)
 .debug_frame   0x00001494       0x38 C:\CodeSourcery\Sourcery G++ Lite/lib/gcc/arm-none-eabi/4.8.1\libgcc.a(_udivdi3.o)

.debug_ranges   0x00000000      0xdc0
 .debug_ranges  0x00000000      0x758 cp15.o
 .debug_ranges  0x00000758      0x3b8 graphics.o
 .debug_ranges  0x00000b10      0x1d0 sdhc.o
 .debug_ranges  0x00000ce0       0xe0 uart.o

Cross Reference Table

Symbol                                            File
App_Read                                          main.o
ArrFbSel                                          graphics.o
ArrWinInfo                                        graphics.o
                                                  main.o
Backup_Context                                    asm_function.o
                                                  Exception.o
CoCleanAndInvalidateDCacheIndex                   cp15a.o
                                                  cp15.o
CoCleanAndInvalidateDCacheVA                      cp15a.o
CoCleanDCacheIndex                                cp15a.o
CoCleanDCacheVA                                   cp15a.o
CoClrIF                                           cp15a.o
CoCopyFromL2Cache                                 cp15a.o
CoCopyToL2Cache                                   cp15a.o
CoDataSyncBarrier                                 cp15a.o
CoDisableAlignFault                               cp15a.o
CoDisableBranchPrediction                         cp15a.o
                                                  cp15.o
CoDisableDCache                                   cp15a.o
                                                  cp15.o
CoDisableFiq                                      cp15a.o
CoDisableICache                                   cp15a.o
                                                  cp15.o
CoDisableIrq                                      cp15a.o
CoDisableL2PrefetchHint                           cp15a.o
                                                  cp15.o
CoDisableMmu                                      cp15a.o
                                                  cp15.o
CoDisableUnalignedAccess                          cp15a.o
CoDisableVectoredInt                              cp15a.o
CoEnableAlignFault                                cp15a.o
CoEnableBranchPrediction                          cp15a.o
                                                  cp15.o
CoEnableDCache                                    cp15a.o
                                                  cp15.o
CoEnableFiq                                       cp15a.o
CoEnableICache                                    cp15a.o
                                                  cp15.o
CoEnableIrq                                       cp15a.o
CoEnableL2PrefetchHint                            cp15a.o
                                                  cp15.o
CoEnableMmu                                       cp15a.o
                                                  cp15.o
CoEnableNeon                                      cp15a.o
CoEnableUnalignedAccess                           cp15a.o
CoEnableVectoredInt                               cp15a.o
CoEnableVfp                                       cp15a.o
CoGetCacheSizeID                                  cp15a.o
CoGetNormalMemRemapReg                            cp15a.o
CoGetOSReadPA                                     cp15a.o
                                                  cp15.o
CoGetOSWritePA                                    cp15a.o
                                                  cp15.o
CoGetPAfromVA                                     cp15.o
CoGetPAreg                                        cp15a.o
CoGetUserReadPA                                   cp15a.o
                                                  cp15.o
CoGetUserWritePA                                  cp15a.o
                                                  cp15.o
CoInitMmuAndL1L2Cache                             cp15.o
                                                  main.o
CoInvalidateBothCaches                            cp15a.o
CoInvalidateDCache                                cp15a.o
CoInvalidateDCacheForV7                           cp15a.o
CoInvalidateDCacheIndex                           cp15a.o
                                                  cp15.o
CoInvalidateDCacheVA                              cp15a.o
CoInvalidateDTlb                                  cp15a.o
CoInvalidateDTlbASID                              cp15a.o
CoInvalidateDTlbVA                                cp15a.o
CoInvalidateICache                                cp15a.o
                                                  cp15.o
CoInvalidateITlb                                  cp15a.o
CoInvalidateITlbASID                              cp15a.o
CoInvalidateITlbVA                                cp15a.o
CoInvalidateMainTlb                               cp15a.o
                                                  cp15.o
CoInvalidateMainTlbASID                           cp15a.o
CoInvalidateMainTlbVA                             cp15a.o
CoLockL2Cache                                     cp15a.o
CoNonSecureAccCtrl                                cp15a.o
CoPrefetchICacheLineVA                            cp15a.o
CoReadCCSIDR                                      cp15a.o
CoReadCLIDR                                       cp15a.o
CoReadCSSELR                                      cp15a.o
CoReadCTR                                         cp15a.o
CoSelTTBReg0                                      cp15a.o
CoSetASID                                         cp15a.o
                                                  app_service.o
CoSetAsyncBusMode                                 cp15a.o
CoSetDCacheLockdownBase                           cp15a.o
CoSetDTlbLockdown                                 cp15a.o
CoSetDomain                                       cp15a.o
                                                  cp15.o
CoSetExceptonVectoerBase                          cp15a.o
CoSetFastBusMode                                  cp15a.o
CoSetICacheLockdownBase                           cp15a.o
CoSetIF                                           cp15a.o
CoSetITlbLockdown                                 cp15a.o
CoSetL2CacheAuxCrtlReg                            cp15a.o
CoSetL2CacheLines                                 cp15a.o
CoSetMpll                                         cp15a.o
CoSetProcessId                                    cp15a.o
CoSetTTBase                                       cp15a.o
                                                  cp15.o
CoStartMmuAndDCache                               cp15.o
CoStartMmuAndL1L2Cache                            cp15.o
CoStopMmuAndL1L2Cache                             cp15.o
CoStopPLE                                         cp15a.o
CoUnLockL2Cache                                   cp15a.o
CoWaitForInterrupt                                cp15a.o
CoWrIF                                            cp15a.o
DABT_Falut_Address                                asm_function.o
                                                  Exception.o
DABT_Falut_Status                                 asm_function.o
                                                  Exception.o
Dabort_Handler                                    Exception.o
                                                  crt0.o
Delay                                             runtime.o
Display_frame                                     graphics.o
GIC_CPU_Interface_Enable                          gic.o
                                                  main.o
GIC_Clear_Pending_Clear                           gic.o
                                                  uart.o
                                                  sdhc.o
                                                  Exception.o
GIC_Distributor_Enable                            gic.o
                                                  main.o
GIC_Generate_SGI                                  gic.o
GIC_Interrupt_Disable                             gic.o
                                                  uart.o
                                                  timer.o
                                                  sdhc.o
                                                  key.o
GIC_Interrupt_Enable                              gic.o
                                                  uart.o
                                                  timer.o
                                                  sdhc.o
                                                  key.o
GIC_Read_INTACK                                   gic.o
GIC_Set_Interrupt_Priority                        gic.o
                                                  uart.o
                                                  timer.o
                                                  sdhc.o
                                                  key.o
GIC_Set_Priority_Mask                             gic.o
                                                  main.o
GIC_Set_Processor_Target                          gic.o
                                                  uart.o
                                                  timer.o
                                                  sdhc.o
                                                  key.o
GIC_Write_EOI                                     gic.o
                                                  Exception.o
Get_Heap_Base                                     runtime.o
Get_Heap_Limit                                    runtime.o
Get_SP                                            asm_function.o
Get_Stack_Base                                    runtime.o
Get_Stack_Limit                                   runtime.o
Get_User_SP                                       asm_function.o
Get_User_Stack_Base                               asm_function.o
Get_User_Stack_Limit                              asm_function.o
HanTable                                          graphics.o
ICCEOIR                                           gic.o
ICCIAR                                            gic.o
ICCICR                                            gic.o
ICCPMR                                            gic.o
ICDICER0                                          gic.o
ICDICERn                                          gic.o
ICDICPR0                                          gic.o
ICDIPR0                                           gic.o
ICDIPTR0                                          gic.o
ICDISER0                                          gic.o
ICDISERn                                          gic.o
ISR_Vector                                        Exception.o
                                                  crt0.o
InitApp                                           app_controller.o
                                                  main.o
Init_App                                          asm_function.o
                                                  app_service.o
Invalid_ISR                                       Exception.o
Key3_ISR                                          Exception.o
Key4_ISR                                          Exception.o
Key_Get_Key_Pressed                               key.o
Key_ISR_Enable                                    key.o
                                                  main.o
Key_ISR_Init                                      key.o
                                                  main.o
Key_Poll_Init                                     key.o
                                                  main.o
Key_Wait_Key_Pressed                              key.o
Key_Wait_Key_Released                             key.o
L2C_CleanAndInvalidate_All                        cp15.o
L2C_CleanAndInvalidate_PA                         cp15.o
L2C_CleanAndInvalidate_SetWay                     cp15.o
L2C_CleanAndInvalidate_VA                         cp15.o
L2C_CleanAndInvalidate_Way                        cp15.o
L2C_Clean_All                                     cp15.o
L2C_Clean_PA                                      cp15.o
L2C_Clean_SetWay                                  cp15.o
L2C_Clean_VA                                      cp15.o
L2C_Clean_Way                                     cp15.o
L2C_Disable                                       cp15.o
L2C_Enable                                        cp15.o
L2C_Invalidate_All                                cp15.o
L2C_Invalidate_PA                                 cp15.o
L2C_Invalidate_VA                                 cp15.o
L2C_Invalidate_Way                                cp15.o
LCD_Clock_Init                                    graphics.o
LED_Display                                       led.o
LED_Init                                          led.o
                                                  main.o
Lcd_Brightness_Control                            graphics.o
                                                  main.o
Lcd_Clr_Screen                                    graphics.o
Lcd_Draw_BMP                                      graphics.o
Lcd_Draw_BMP_File_24bpp                           graphics.o
Lcd_Draw_Back_Color                               graphics.o
                                                  main.o
Lcd_Draw_Bar                                      graphics.o
Lcd_Draw_Image                                    graphics.o
Lcd_Draw_Line                                     graphics.o
Lcd_Draw_STACK                                    graphics.o
Lcd_Eng_Putch                                     graphics.o
Lcd_Get_Info_BMP                                  graphics.o
Lcd_Get_Pixel                                     graphics.o
Lcd_Get_Pixel_Address                             graphics.o
Lcd_Han_Putch                                     graphics.o
Lcd_Init                                          graphics.o
                                                  main.o
Lcd_Printf                                        graphics.o
Lcd_Put_Pixel                                     graphics.o
Lcd_Puts                                          graphics.o
Lcd_Select_Display_Frame_Buffer                   graphics.o
                                                  main.o
Lcd_Select_Draw_Frame_Buffer                      graphics.o
                                                  main.o
Lcd_Win_Init                                      graphics.o
                                                  main.o
Load_Context                                      asm_function.o
Main                                              main.o
                                                  crt0.o
Main_ID                                           asm_function.o
PABT_Falut_Address                                asm_function.o
                                                  Exception.o
PABT_Falut_Status                                 asm_function.o
                                                  Exception.o
Pabort_Handler                                    Exception.o
                                                  crt0.o
Run_App0                                          asm_function.o
                                                  main.o
SDHC_ACMD41                                       sdhc.o
SDHC_ACMD6_4bit                                   sdhc.o
SDHC_BusPower_Control                             sdhc.o
SDHC_CMD0                                         sdhc.o
SDHC_CMD2                                         sdhc.o
SDHC_CMD3                                         sdhc.o
SDHC_CMD55                                        sdhc.o
SDHC_CMD7                                         sdhc.o
SDHC_CMD8                                         sdhc.o
SDHC_Card_Init                                    sdhc.o
SDHC_Change_Dat_Width_4bit                        sdhc.o
SDHC_Clock_Stop                                   sdhc.o
SDHC_Clock_Supply                                 sdhc.o
SDHC_ISR                                          Exception.o
SDHC_ISR_Enable                                   sdhc.o
SDHC_Init                                         sdhc.o
SDHC_Port_Init                                    sdhc.o
SD_Read_Sector                                    sdhc.o
                                                  main.o
SD_Write_Sector                                   sdhc.o
SVC_Handler                                       Exception.o
                                                  crt0.o
Selected_frame                                    graphics.o
Selected_win                                      graphics.o
SetTransTable                                     cp15.o
                                                  app_service.o
TLB_Type                                          asm_function.o
Timer0_Delay                                      timer.o
Timer0_ISR                                        Exception.o
                                                  asm_function.o
Timer0_Int_Delay                                  timer.o
                                                  main.o
Uart1_GetIntNum                                   uart.o
Uart1_GetString                                   uart.o
Uart1_Get_Char                                    uart.o
Uart1_Get_Pressed                                 uart.o
Uart1_ISR                                         Exception.o
Uart1_ISR_Enable                                  uart.o
                                                  main.o
Uart1_Init                                        uart.o
                                                  main.o
Uart1_Printf                                      uart.o
                                                  test.o
                                                  main.o
                                                  graphics.o
                                                  app_service.o
                                                  app_controller.o
                                                  Exception.o
Uart1_Send_Byte                                   uart.o
Uart1_Send_String                                 uart.o
Undef_Handler                                     Exception.o
                                                  crt0.o
_Balloc                                           C:\CodeSourcery\Sourcery G++ Lite/arm-none-eabi/lib\libc.a(lib_a-mprec.o)
                                                  C:\CodeSourcery\Sourcery G++ Lite/arm-none-eabi/lib\libc.a(lib_a-dtoa.o)
_Bfree                                            C:\CodeSourcery\Sourcery G++ Lite/arm-none-eabi/lib\libc.a(lib_a-mprec.o)
                                                  C:\CodeSourcery\Sourcery G++ Lite/arm-none-eabi/lib\libc.a(lib_a-dtoa.o)
_PathLocale                                       C:\CodeSourcery\Sourcery G++ Lite/arm-none-eabi/lib\libc.a(lib_a-locale.o)
__ZI_BASE__                                       crt0.o
__ZI_LIMIT__                                      crt0.o
                                                  runtime.o
__adddf3                                          C:\CodeSourcery\Sourcery G++ Lite/lib/gcc/arm-none-eabi/4.8.1\libgcc.a(_arm_addsubdf3.o)
__aeabi_cdcmpeq                                   C:\CodeSourcery\Sourcery G++ Lite/lib/gcc/arm-none-eabi/4.8.1\libgcc.a(_arm_cmpdf2.o)
__aeabi_cdcmple                                   C:\CodeSourcery\Sourcery G++ Lite/lib/gcc/arm-none-eabi/4.8.1\libgcc.a(_arm_cmpdf2.o)
__aeabi_cdrcmple                                  C:\CodeSourcery\Sourcery G++ Lite/lib/gcc/arm-none-eabi/4.8.1\libgcc.a(_arm_cmpdf2.o)
__aeabi_d2iz                                      C:\CodeSourcery\Sourcery G++ Lite/lib/gcc/arm-none-eabi/4.8.1\libgcc.a(_arm_fixdfsi.o)
                                                  C:\CodeSourcery\Sourcery G++ Lite/arm-none-eabi/lib\libc.a(lib_a-dtoa.o)
__aeabi_dadd                                      C:\CodeSourcery\Sourcery G++ Lite/lib/gcc/arm-none-eabi/4.8.1\libgcc.a(_arm_addsubdf3.o)
                                                  C:\CodeSourcery\Sourcery G++ Lite/arm-none-eabi/lib\libc.a(lib_a-dtoa.o)
__aeabi_dcmpeq                                    C:\CodeSourcery\Sourcery G++ Lite/lib/gcc/arm-none-eabi/4.8.1\libgcc.a(_arm_cmpdf2.o)
                                                  C:\CodeSourcery\Sourcery G++ Lite/arm-none-eabi/lib\libc.a(lib_a-dtoa.o)
                                                  C:\CodeSourcery\Sourcery G++ Lite/arm-none-eabi/lib\libc.a(lib_a-svfprintf.o)
__aeabi_dcmpge                                    C:\CodeSourcery\Sourcery G++ Lite/lib/gcc/arm-none-eabi/4.8.1\libgcc.a(_arm_cmpdf2.o)
                                                  C:\CodeSourcery\Sourcery G++ Lite/arm-none-eabi/lib\libc.a(lib_a-dtoa.o)
__aeabi_dcmpgt                                    C:\CodeSourcery\Sourcery G++ Lite/lib/gcc/arm-none-eabi/4.8.1\libgcc.a(_arm_cmpdf2.o)
                                                  C:\CodeSourcery\Sourcery G++ Lite/arm-none-eabi/lib\libc.a(lib_a-dtoa.o)
__aeabi_dcmple                                    C:\CodeSourcery\Sourcery G++ Lite/lib/gcc/arm-none-eabi/4.8.1\libgcc.a(_arm_cmpdf2.o)
__aeabi_dcmplt                                    C:\CodeSourcery\Sourcery G++ Lite/lib/gcc/arm-none-eabi/4.8.1\libgcc.a(_arm_cmpdf2.o)
                                                  C:\CodeSourcery\Sourcery G++ Lite/arm-none-eabi/lib\libc.a(lib_a-dtoa.o)
                                                  C:\CodeSourcery\Sourcery G++ Lite/arm-none-eabi/lib\libc.a(lib_a-svfprintf.o)
__aeabi_ddiv                                      C:\CodeSourcery\Sourcery G++ Lite/lib/gcc/arm-none-eabi/4.8.1\libgcc.a(_arm_muldivdf3.o)
                                                  C:\CodeSourcery\Sourcery G++ Lite/arm-none-eabi/lib\libc.a(lib_a-mprec.o)
                                                  C:\CodeSourcery\Sourcery G++ Lite/arm-none-eabi/lib\libc.a(lib_a-dtoa.o)
__aeabi_dmul                                      C:\CodeSourcery\Sourcery G++ Lite/lib/gcc/arm-none-eabi/4.8.1\libgcc.a(_arm_muldivdf3.o)
                                                  C:\CodeSourcery\Sourcery G++ Lite/arm-none-eabi/lib\libc.a(lib_a-mprec.o)
                                                  C:\CodeSourcery\Sourcery G++ Lite/arm-none-eabi/lib\libc.a(lib_a-dtoa.o)
__aeabi_drsub                                     C:\CodeSourcery\Sourcery G++ Lite/lib/gcc/arm-none-eabi/4.8.1\libgcc.a(_arm_addsubdf3.o)
__aeabi_dsub                                      C:\CodeSourcery\Sourcery G++ Lite/lib/gcc/arm-none-eabi/4.8.1\libgcc.a(_arm_addsubdf3.o)
                                                  C:\CodeSourcery\Sourcery G++ Lite/arm-none-eabi/lib\libc.a(lib_a-dtoa.o)
__aeabi_f2d                                       C:\CodeSourcery\Sourcery G++ Lite/lib/gcc/arm-none-eabi/4.8.1\libgcc.a(_arm_addsubdf3.o)
__aeabi_i2d                                       C:\CodeSourcery\Sourcery G++ Lite/lib/gcc/arm-none-eabi/4.8.1\libgcc.a(_arm_addsubdf3.o)
                                                  C:\CodeSourcery\Sourcery G++ Lite/arm-none-eabi/lib\libc.a(lib_a-dtoa.o)
__aeabi_idiv0                                     C:\CodeSourcery\Sourcery G++ Lite/lib/gcc/arm-none-eabi/4.8.1\libgcc.a(_dvmd_tls.o)
                                                  C:\CodeSourcery\Sourcery G++ Lite/lib/gcc/arm-none-eabi/4.8.1\libgcc.a(_udivsi3.o)
__aeabi_l2d                                       C:\CodeSourcery\Sourcery G++ Lite/lib/gcc/arm-none-eabi/4.8.1\libgcc.a(_arm_addsubdf3.o)
__aeabi_ldiv0                                     C:\CodeSourcery\Sourcery G++ Lite/lib/gcc/arm-none-eabi/4.8.1\libgcc.a(_dvmd_tls.o)
                                                  C:\CodeSourcery\Sourcery G++ Lite/lib/gcc/arm-none-eabi/4.8.1\libgcc.a(_aeabi_uldivmod.o)
__aeabi_ui2d                                      C:\CodeSourcery\Sourcery G++ Lite/lib/gcc/arm-none-eabi/4.8.1\libgcc.a(_arm_addsubdf3.o)
                                                  C:\CodeSourcery\Sourcery G++ Lite/arm-none-eabi/lib\libc.a(lib_a-dtoa.o)
__aeabi_uidiv                                     C:\CodeSourcery\Sourcery G++ Lite/lib/gcc/arm-none-eabi/4.8.1\libgcc.a(_udivsi3.o)
                                                  C:\CodeSourcery\Sourcery G++ Lite/lib/gcc/arm-none-eabi/4.8.1\libgcc.a(_udivdi3.o)
                                                  C:\CodeSourcery\Sourcery G++ Lite/lib/gcc/arm-none-eabi/4.8.1\libgcc.a(_divdi3.o)
                                                  C:\CodeSourcery\Sourcery G++ Lite/arm-none-eabi/lib\libc.a(lib_a-dtoa.o)
                                                  C:\CodeSourcery\Sourcery G++ Lite/arm-none-eabi/lib\libc.a(lib_a-strtol.o)
__aeabi_uidivmod                                  C:\CodeSourcery\Sourcery G++ Lite/lib/gcc/arm-none-eabi/4.8.1\libgcc.a(_udivsi3.o)
                                                  C:\CodeSourcery\Sourcery G++ Lite/lib/gcc/arm-none-eabi/4.8.1\libgcc.a(_udivdi3.o)
                                                  C:\CodeSourcery\Sourcery G++ Lite/lib/gcc/arm-none-eabi/4.8.1\libgcc.a(_divdi3.o)
                                                  C:\CodeSourcery\Sourcery G++ Lite/arm-none-eabi/lib\libc.a(lib_a-strtol.o)
__aeabi_ul2d                                      C:\CodeSourcery\Sourcery G++ Lite/lib/gcc/arm-none-eabi/4.8.1\libgcc.a(_arm_addsubdf3.o)
__aeabi_uldivmod                                  C:\CodeSourcery\Sourcery G++ Lite/lib/gcc/arm-none-eabi/4.8.1\libgcc.a(_aeabi_uldivmod.o)
                                                  C:\CodeSourcery\Sourcery G++ Lite/arm-none-eabi/lib\libc.a(lib_a-svfiprintf.o)
                                                  C:\CodeSourcery\Sourcery G++ Lite/arm-none-eabi/lib\libc.a(lib_a-svfprintf.o)
__any_on                                          C:\CodeSourcery\Sourcery G++ Lite/arm-none-eabi/lib\libc.a(lib_a-mprec.o)
__b2d                                             C:\CodeSourcery\Sourcery G++ Lite/arm-none-eabi/lib\libc.a(lib_a-mprec.o)
__clzsi2                                          C:\CodeSourcery\Sourcery G++ Lite/lib/gcc/arm-none-eabi/4.8.1\libgcc.a(_clzsi2.o)
                                                  C:\CodeSourcery\Sourcery G++ Lite/lib/gcc/arm-none-eabi/4.8.1\libgcc.a(_udivdi3.o)
                                                  C:\CodeSourcery\Sourcery G++ Lite/lib/gcc/arm-none-eabi/4.8.1\libgcc.a(_divdi3.o)
__cmpdf2                                          C:\CodeSourcery\Sourcery G++ Lite/lib/gcc/arm-none-eabi/4.8.1\libgcc.a(_arm_cmpdf2.o)
__copybits                                        C:\CodeSourcery\Sourcery G++ Lite/arm-none-eabi/lib\libc.a(lib_a-mprec.o)
__ctype_ptr__                                     C:\CodeSourcery\Sourcery G++ Lite/arm-none-eabi/lib\libc.a(lib_a-ctype_.o)
                                                  C:\CodeSourcery\Sourcery G++ Lite/arm-none-eabi/lib\libc.a(lib_a-strtol.o)
                                                  uart.o
__d2b                                             C:\CodeSourcery\Sourcery G++ Lite/arm-none-eabi/lib\libc.a(lib_a-mprec.o)
                                                  C:\CodeSourcery\Sourcery G++ Lite/arm-none-eabi/lib\libc.a(lib_a-dtoa.o)
__divdf3                                          C:\CodeSourcery\Sourcery G++ Lite/lib/gcc/arm-none-eabi/4.8.1\libgcc.a(_arm_muldivdf3.o)
__divdi3                                          C:\CodeSourcery\Sourcery G++ Lite/lib/gcc/arm-none-eabi/4.8.1\libgcc.a(_divdi3.o)
                                                  C:\CodeSourcery\Sourcery G++ Lite/lib/gcc/arm-none-eabi/4.8.1\libgcc.a(bpabi.o)
__eqdf2                                           C:\CodeSourcery\Sourcery G++ Lite/lib/gcc/arm-none-eabi/4.8.1\libgcc.a(_arm_cmpdf2.o)
__extendsfdf2                                     C:\CodeSourcery\Sourcery G++ Lite/lib/gcc/arm-none-eabi/4.8.1\libgcc.a(_arm_addsubdf3.o)
__fixdfsi                                         C:\CodeSourcery\Sourcery G++ Lite/lib/gcc/arm-none-eabi/4.8.1\libgcc.a(_arm_fixdfsi.o)
__floatdidf                                       C:\CodeSourcery\Sourcery G++ Lite/lib/gcc/arm-none-eabi/4.8.1\libgcc.a(_arm_addsubdf3.o)
__floatsidf                                       C:\CodeSourcery\Sourcery G++ Lite/lib/gcc/arm-none-eabi/4.8.1\libgcc.a(_arm_addsubdf3.o)
__floatundidf                                     C:\CodeSourcery\Sourcery G++ Lite/lib/gcc/arm-none-eabi/4.8.1\libgcc.a(_arm_addsubdf3.o)
__floatunsidf                                     C:\CodeSourcery\Sourcery G++ Lite/lib/gcc/arm-none-eabi/4.8.1\libgcc.a(_arm_addsubdf3.o)
__fpclassifyd                                     C:\CodeSourcery\Sourcery G++ Lite/arm-none-eabi/lib\libc.a(lib_a-s_fpclassify.o)
                                                  C:\CodeSourcery\Sourcery G++ Lite/arm-none-eabi/lib\libc.a(lib_a-svfprintf.o)
__gedf2                                           C:\CodeSourcery\Sourcery G++ Lite/lib/gcc/arm-none-eabi/4.8.1\libgcc.a(_arm_cmpdf2.o)
__gnu_ldivmod_helper                              C:\CodeSourcery\Sourcery G++ Lite/lib/gcc/arm-none-eabi/4.8.1\libgcc.a(bpabi.o)
__gnu_uldivmod_helper                             C:\CodeSourcery\Sourcery G++ Lite/lib/gcc/arm-none-eabi/4.8.1\libgcc.a(bpabi.o)
                                                  C:\CodeSourcery\Sourcery G++ Lite/lib/gcc/arm-none-eabi/4.8.1\libgcc.a(_aeabi_uldivmod.o)
__gtdf2                                           C:\CodeSourcery\Sourcery G++ Lite/lib/gcc/arm-none-eabi/4.8.1\libgcc.a(_arm_cmpdf2.o)
__hi0bits                                         C:\CodeSourcery\Sourcery G++ Lite/arm-none-eabi/lib\libc.a(lib_a-mprec.o)
                                                  C:\CodeSourcery\Sourcery G++ Lite/arm-none-eabi/lib\libc.a(lib_a-dtoa.o)
__i2b                                             C:\CodeSourcery\Sourcery G++ Lite/arm-none-eabi/lib\libc.a(lib_a-mprec.o)
                                                  C:\CodeSourcery\Sourcery G++ Lite/arm-none-eabi/lib\libc.a(lib_a-dtoa.o)
__ledf2                                           C:\CodeSourcery\Sourcery G++ Lite/lib/gcc/arm-none-eabi/4.8.1\libgcc.a(_arm_cmpdf2.o)
__lo0bits                                         C:\CodeSourcery\Sourcery G++ Lite/arm-none-eabi/lib\libc.a(lib_a-mprec.o)
__locale_charset                                  C:\CodeSourcery\Sourcery G++ Lite/arm-none-eabi/lib\libc.a(lib_a-locale.o)
__locale_cjk_lang                                 C:\CodeSourcery\Sourcery G++ Lite/arm-none-eabi/lib\libc.a(lib_a-locale.o)
__locale_mb_cur_max                               C:\CodeSourcery\Sourcery G++ Lite/arm-none-eabi/lib\libc.a(lib_a-locale.o)
__locale_msgcharset                               C:\CodeSourcery\Sourcery G++ Lite/arm-none-eabi/lib\libc.a(lib_a-locale.o)
__lshift                                          C:\CodeSourcery\Sourcery G++ Lite/arm-none-eabi/lib\libc.a(lib_a-mprec.o)
                                                  C:\CodeSourcery\Sourcery G++ Lite/arm-none-eabi/lib\libc.a(lib_a-dtoa.o)
__ltdf2                                           C:\CodeSourcery\Sourcery G++ Lite/lib/gcc/arm-none-eabi/4.8.1\libgcc.a(_arm_cmpdf2.o)
__malloc_av_                                      C:\CodeSourcery\Sourcery G++ Lite/arm-none-eabi/lib\libc.a(lib_a-mallocr.o)
                                                  C:\CodeSourcery\Sourcery G++ Lite/arm-none-eabi/lib\libc.a(lib_a-reallocr.o)
                                                  C:\CodeSourcery\Sourcery G++ Lite/arm-none-eabi/lib\libc.a(lib_a-freer.o)
__malloc_current_mallinfo                         C:\CodeSourcery\Sourcery G++ Lite/arm-none-eabi/lib\libc.a(lib_a-mallocr.o)
                                                  C:\CodeSourcery\Sourcery G++ Lite/arm-none-eabi/lib\libc.a(lib_a-freer.o)
__malloc_lock                                     C:\CodeSourcery\Sourcery G++ Lite/arm-none-eabi/lib\libc.a(lib_a-mlock.o)
                                                  C:\CodeSourcery\Sourcery G++ Lite/arm-none-eabi/lib\libc.a(lib_a-reallocr.o)
                                                  C:\CodeSourcery\Sourcery G++ Lite/arm-none-eabi/lib\libc.a(lib_a-freer.o)
                                                  C:\CodeSourcery\Sourcery G++ Lite/arm-none-eabi/lib\libc.a(lib_a-mallocr.o)
__malloc_max_sbrked_mem                           C:\CodeSourcery\Sourcery G++ Lite/arm-none-eabi/lib\libc.a(lib_a-mallocr.o)
__malloc_max_total_mem                            C:\CodeSourcery\Sourcery G++ Lite/arm-none-eabi/lib\libc.a(lib_a-mallocr.o)
__malloc_sbrk_base                                C:\CodeSourcery\Sourcery G++ Lite/arm-none-eabi/lib\libc.a(lib_a-mallocr.o)
                                                  C:\CodeSourcery\Sourcery G++ Lite/arm-none-eabi/lib\libc.a(lib_a-freer.o)
__malloc_top_pad                                  C:\CodeSourcery\Sourcery G++ Lite/arm-none-eabi/lib\libc.a(lib_a-mallocr.o)
                                                  C:\CodeSourcery\Sourcery G++ Lite/arm-none-eabi/lib\libc.a(lib_a-freer.o)
__malloc_trim_threshold                           C:\CodeSourcery\Sourcery G++ Lite/arm-none-eabi/lib\libc.a(lib_a-mallocr.o)
                                                  C:\CodeSourcery\Sourcery G++ Lite/arm-none-eabi/lib\libc.a(lib_a-freer.o)
__malloc_unlock                                   C:\CodeSourcery\Sourcery G++ Lite/arm-none-eabi/lib\libc.a(lib_a-mlock.o)
                                                  C:\CodeSourcery\Sourcery G++ Lite/arm-none-eabi/lib\libc.a(lib_a-reallocr.o)
                                                  C:\CodeSourcery\Sourcery G++ Lite/arm-none-eabi/lib\libc.a(lib_a-freer.o)
                                                  C:\CodeSourcery\Sourcery G++ Lite/arm-none-eabi/lib\libc.a(lib_a-mallocr.o)
__mb_cur_max                                      C:\CodeSourcery\Sourcery G++ Lite/arm-none-eabi/lib\libc.a(lib_a-locale.o)
__mcmp                                            C:\CodeSourcery\Sourcery G++ Lite/arm-none-eabi/lib\libc.a(lib_a-mprec.o)
                                                  C:\CodeSourcery\Sourcery G++ Lite/arm-none-eabi/lib\libc.a(lib_a-dtoa.o)
__mdiff                                           C:\CodeSourcery\Sourcery G++ Lite/arm-none-eabi/lib\libc.a(lib_a-mprec.o)
                                                  C:\CodeSourcery\Sourcery G++ Lite/arm-none-eabi/lib\libc.a(lib_a-dtoa.o)
__mlocale_changed                                 C:\CodeSourcery\Sourcery G++ Lite/arm-none-eabi/lib\libc.a(lib_a-locale.o)
__mprec_bigtens                                   C:\CodeSourcery\Sourcery G++ Lite/arm-none-eabi/lib\libc.a(lib_a-mprec.o)
                                                  C:\CodeSourcery\Sourcery G++ Lite/arm-none-eabi/lib\libc.a(lib_a-dtoa.o)
__mprec_tens                                      C:\CodeSourcery\Sourcery G++ Lite/arm-none-eabi/lib\libc.a(lib_a-mprec.o)
                                                  C:\CodeSourcery\Sourcery G++ Lite/arm-none-eabi/lib\libc.a(lib_a-dtoa.o)
__mprec_tinytens                                  C:\CodeSourcery\Sourcery G++ Lite/arm-none-eabi/lib\libc.a(lib_a-mprec.o)
__muldf3                                          C:\CodeSourcery\Sourcery G++ Lite/lib/gcc/arm-none-eabi/4.8.1\libgcc.a(_arm_muldivdf3.o)
__multadd                                         C:\CodeSourcery\Sourcery G++ Lite/arm-none-eabi/lib\libc.a(lib_a-mprec.o)
                                                  C:\CodeSourcery\Sourcery G++ Lite/arm-none-eabi/lib\libc.a(lib_a-dtoa.o)
__multiply                                        C:\CodeSourcery\Sourcery G++ Lite/arm-none-eabi/lib\libc.a(lib_a-mprec.o)
                                                  C:\CodeSourcery\Sourcery G++ Lite/arm-none-eabi/lib\libc.a(lib_a-dtoa.o)
__nedf2                                           C:\CodeSourcery\Sourcery G++ Lite/lib/gcc/arm-none-eabi/4.8.1\libgcc.a(_arm_cmpdf2.o)
__nlocale_changed                                 C:\CodeSourcery\Sourcery G++ Lite/arm-none-eabi/lib\libc.a(lib_a-locale.o)
__pow5mult                                        C:\CodeSourcery\Sourcery G++ Lite/arm-none-eabi/lib\libc.a(lib_a-mprec.o)
                                                  C:\CodeSourcery\Sourcery G++ Lite/arm-none-eabi/lib\libc.a(lib_a-dtoa.o)
__ratio                                           C:\CodeSourcery\Sourcery G++ Lite/arm-none-eabi/lib\libc.a(lib_a-mprec.o)
__s2b                                             C:\CodeSourcery\Sourcery G++ Lite/arm-none-eabi/lib\libc.a(lib_a-mprec.o)
__ssprint_r                                       C:\CodeSourcery\Sourcery G++ Lite/arm-none-eabi/lib\libc.a(lib_a-svfiprintf.o)
                                                  C:\CodeSourcery\Sourcery G++ Lite/arm-none-eabi/lib\libc.a(lib_a-svfprintf.o)
__start                                           crt0.o
                                                  cp15a.o
__subdf3                                          C:\CodeSourcery\Sourcery G++ Lite/lib/gcc/arm-none-eabi/4.8.1\libgcc.a(_arm_addsubdf3.o)
__udivdi3                                         C:\CodeSourcery\Sourcery G++ Lite/lib/gcc/arm-none-eabi/4.8.1\libgcc.a(_udivdi3.o)
                                                  C:\CodeSourcery\Sourcery G++ Lite/lib/gcc/arm-none-eabi/4.8.1\libgcc.a(bpabi.o)
__udivsi3                                         C:\CodeSourcery\Sourcery G++ Lite/lib/gcc/arm-none-eabi/4.8.1\libgcc.a(_udivsi3.o)
__ulp                                             C:\CodeSourcery\Sourcery G++ Lite/arm-none-eabi/lib\libc.a(lib_a-mprec.o)
_atoi_r                                           C:\CodeSourcery\Sourcery G++ Lite/arm-none-eabi/lib\libc.a(lib_a-atoi.o)
_calloc_r                                         C:\CodeSourcery\Sourcery G++ Lite/arm-none-eabi/lib\libc.a(lib_a-callocr.o)
                                                  C:\CodeSourcery\Sourcery G++ Lite/arm-none-eabi/lib\libc.a(lib_a-mprec.o)
_ctype_                                           C:\CodeSourcery\Sourcery G++ Lite/arm-none-eabi/lib\libc.a(lib_a-ctype_.o)
_dtoa_r                                           C:\CodeSourcery\Sourcery G++ Lite/arm-none-eabi/lib\libc.a(lib_a-dtoa.o)
                                                  C:\CodeSourcery\Sourcery G++ Lite/arm-none-eabi/lib\libc.a(lib_a-svfprintf.o)
_free_r                                           C:\CodeSourcery\Sourcery G++ Lite/arm-none-eabi/lib\libc.a(lib_a-freer.o)